Component: ARM Compiler 5.06 update 7 (build 960) Tool: armlink [4d3601]

==============================================================================

Section Cross References

    main.o(i.main) refers to system.o(i.systemInit) for systemInit
    main.o(i.main) refers to tasks.o(i.xTaskCreate) for xTaskCreate
    main.o(i.main) refers to tasks.o(i.vTaskStartScheduler) for vTaskStartScheduler
    main.o(i.main) refers to main.o(.data) for .data
    main.o(i.main) refers to main.o(i.start_task) for start_task
    main.o(i.start_task) refers to port.o(i.vPortEnterCritical) for vPortEnterCritical
    main.o(i.start_task) refers to tasks.o(i.xTaskCreate) for xTaskCreate
    main.o(i.start_task) refers to tasks.o(i.vTaskDelete) for vTaskDelete
    main.o(i.start_task) refers to port.o(i.vPortExitCritical) for vPortExitCritical
    main.o(i.start_task) refers to balance.o(i.Balance_task) for Balance_task
    main.o(i.start_task) refers to mpu6050.o(i.MPU6050_task) for MPU6050_task
    main.o(i.start_task) refers to show.o(i.show_task) for show_task
    main.o(i.start_task) refers to led.o(i.led_task) for led_task
    main.o(i.start_task) refers to pstwo.o(i.pstwo_task) for pstwo_task
    main.o(i.start_task) refers to usartx.o(i.data_task) for data_task
    main.o(i.start_task) refers to main.o(.data) for .data
    system_stm32f4xx.o(i.SystemCoreClockUpdate) refers to system_stm32f4xx.o(.data) for .data
    system_stm32f4xx.o(i.SystemInit) refers to system_stm32f4xx.o(i.SetSysClock) for SetSysClock
    adc.o(i.Adc_Init) refers to stm32f4xx_rcc.o(i.RCC_AHB1PeriphClockCmd) for RCC_AHB1PeriphClockCmd
    adc.o(i.Adc_Init) refers to stm32f4xx_rcc.o(i.RCC_APB2PeriphClockCmd) for RCC_APB2PeriphClockCmd
    adc.o(i.Adc_Init) refers to stm32f4xx_gpio.o(i.GPIO_Init) for GPIO_Init
    adc.o(i.Adc_Init) refers to stm32f4xx_rcc.o(i.RCC_APB2PeriphResetCmd) for RCC_APB2PeriphResetCmd
    adc.o(i.Adc_Init) refers to stm32f4xx_adc.o(i.ADC_CommonInit) for ADC_CommonInit
    adc.o(i.Adc_Init) refers to stm32f4xx_adc.o(i.ADC_Init) for ADC_Init
    adc.o(i.Adc_Init) refers to stm32f4xx_adc.o(i.ADC_Cmd) for ADC_Cmd
    adc.o(i.Get_Adc) refers to stm32f4xx_adc.o(i.ADC_RegularChannelConfig) for ADC_RegularChannelConfig
    adc.o(i.Get_Adc) refers to stm32f4xx_adc.o(i.ADC_SoftwareStartConv) for ADC_SoftwareStartConv
    adc.o(i.Get_Adc) refers to stm32f4xx_adc.o(i.ADC_GetFlagStatus) for ADC_GetFlagStatus
    adc.o(i.Get_Adc) refers to stm32f4xx_adc.o(i.ADC_GetConversionValue) for ADC_GetConversionValue
    adc.o(i.Get_adc_Average) refers to adc.o(i.Get_Adc) for Get_Adc
    adc.o(i.Get_adc_Average) refers to delay.o(i.delay_ms) for delay_ms
    adc.o(i.Get_battery_volt) refers to adc.o(i.Get_Adc) for Get_Adc
    adc.o(i.Get_battery_volt) refers to dfltui.o(.text) for __aeabi_ui2d
    adc.o(i.Get_battery_volt) refers to dmul.o(.text) for __aeabi_dmul
    adc.o(i.Get_battery_volt) refers to d2f.o(.text) for __aeabi_d2f
    can.o(i.CAN1_Mode_Init) refers to stm32f4xx_rcc.o(i.RCC_AHB1PeriphClockCmd) for RCC_AHB1PeriphClockCmd
    can.o(i.CAN1_Mode_Init) refers to stm32f4xx_rcc.o(i.RCC_APB1PeriphClockCmd) for RCC_APB1PeriphClockCmd
    can.o(i.CAN1_Mode_Init) refers to stm32f4xx_gpio.o(i.GPIO_Init) for GPIO_Init
    can.o(i.CAN1_Mode_Init) refers to stm32f4xx_gpio.o(i.GPIO_PinAFConfig) for GPIO_PinAFConfig
    can.o(i.CAN1_Mode_Init) refers to stm32f4xx_can.o(i.CAN_FilterInit) for CAN_FilterInit
    can.o(i.CAN1_Mode_Init) refers to misc.o(i.NVIC_Init) for NVIC_Init
    can.o(i.CAN1_Mode_Init) refers to stm32f4xx_can.o(i.CAN_ITConfig) for CAN_ITConfig
    can.o(i.CAN1_RX0_IRQHandler) refers to can.o(i.CAN1_Rx_Msg) for CAN1_Rx_Msg
    can.o(i.CAN1_RX0_IRQHandler) refers to system.o(.data) for CAN_ON_Flag
    can.o(i.CAN1_RX0_IRQHandler) refers to system.o(.data) for PS2_ON_Flag
    can.o(i.CAN1_RX0_IRQHandler) refers to system.o(.data) for Remote_ON_Flag
    can.o(i.CAN1_RX0_IRQHandler) refers to system.o(.data) for APP_ON_Flag
    can.o(i.CAN1_RX0_IRQHandler) refers to system.o(.data) for Usart_ON_Flag
    can.o(i.CAN1_RX0_IRQHandler) refers to system.o(.data) for Move_X
    can.o(i.CAN1_RX0_IRQHandler) refers to system.o(.data) for Move_Y
    can.o(i.CAN1_RX0_IRQHandler) refers to system.o(.data) for Move_Z
    can.o(i.CAN1_Receive_Msg) refers to can.o(i.CAN1_Msg_Pend) for CAN1_Msg_Pend
    can.o(i.CAN1_Receive_Msg) refers to can.o(i.CAN1_Rx_Msg) for CAN1_Rx_Msg
    can.o(i.CAN1_Send_Msg) refers to can.o(i.CAN1_Tx_Msg) for CAN1_Tx_Msg
    can.o(i.CAN1_Send_Msg) refers to can.o(i.CAN1_Tx_Staus) for CAN1_Tx_Staus
    can.o(i.CAN1_Send_MsgTEST) refers to can.o(i.CAN1_Tx_Msg) for CAN1_Tx_Msg
    can.o(i.CAN1_Send_MsgTEST) refers to can.o(i.CAN1_Tx_Staus) for CAN1_Tx_Staus
    can.o(i.CAN1_Send_Num) refers to can.o(i.CAN1_Tx_Msg) for CAN1_Tx_Msg
    can.o(i.CAN1_Send_Num) refers to can.o(i.CAN1_Tx_Staus) for CAN1_Tx_Staus
    encoder.o(i.Encoder_Init_TIM2) refers to stm32f4xx_rcc.o(i.RCC_APB1PeriphClockCmd) for RCC_APB1PeriphClockCmd
[...]
    tasks.o(i.xTaskResumeAll) refers to port.o(i.vPortExitCritical) for vPortExitCritical
    tasks.o(i.xTaskResumeAll) refers to tasks.o(.data) for .data
    tasks.o(i.xTaskResumeAll) refers to tasks.o(.bss) for .bss
    tasks.o(i.xTaskResumeFromISR) refers to printf3.o(i.__0printf$3) for __2printf
    tasks.o(i.xTaskResumeFromISR) refers to port.o(i.vPortValidateInterruptPriority) for vPortValidateInterruptPriority
    tasks.o(i.xTaskResumeFromISR) refers to tasks.o(i.prvTaskIsTaskSuspended) for prvTaskIsTaskSuspended
    tasks.o(i.xTaskResumeFromISR) refers to list.o(i.uxListRemove) for uxListRemove
    tasks.o(i.xTaskResumeFromISR) refers to list.o(i.vListInsertEnd) for vListInsertEnd
    tasks.o(i.xTaskResumeFromISR) refers to tasks.o(.data) for .data
    tasks.o(i.xTaskResumeFromISR) refers to tasks.o(.bss) for .bss
    timers.o(i.pcTimerGetName) refers to printf3.o(i.__0printf$3) for __2printf
    timers.o(i.prvCheckForValidListAndQueue) refers to port.o(i.vPortEnterCritical) for vPortEnterCritical
    timers.o(i.prvCheckForValidListAndQueue) refers to list.o(i.vListInitialise) for vListInitialise
    timers.o(i.prvCheckForValidListAndQueue) refers to queue.o(i.xQueueGenericCreate) for xQueueGenericCreate
    timers.o(i.prvCheckForValidListAndQueue) refers to queue.o(i.vQueueAddToRegistry) for vQueueAddToRegistry
    timers.o(i.prvCheckForValidListAndQueue) refers to port.o(i.vPortExitCritical) for vPortExitCritical
    timers.o(i.prvCheckForValidListAndQueue) refers to timers.o(.data) for .data
    timers.o(i.prvCheckForValidListAndQueue) refers to timers.o(.bss) for .bss
    timers.o(i.prvInsertTimerInActiveList) refers to list.o(i.vListInsert) for vListInsert
    timers.o(i.prvInsertTimerInActiveList) refers to timers.o(.data) for .data
    timers.o(i.prvProcessExpiredTimer) refers to list.o(i.uxListRemove) for uxListRemove
    timers.o(i.prvProcessExpiredTimer) refers to timers.o(i.prvInsertTimerInActiveList) for prvInsertTimerInActiveList
    timers.o(i.prvProcessExpiredTimer) refers to timers.o(i.xTimerGenericCommand) for xTimerGenericCommand
    timers.o(i.prvProcessExpiredTimer) refers to printf3.o(i.__0printf$3) for __2printf
    timers.o(i.prvProcessExpiredTimer) refers to timers.o(.data) for .data
    timers.o(i.prvProcessExpiredTimer) refers to timers.o(i.xTimerCreate) for i.xTimerCreate
    timers.o(i.prvProcessReceivedCommands) refers to list.o(i.uxListRemove) for uxListRemove
    timers.o(i.prvProcessReceivedCommands) refers to timers.o(i.prvSampleTimeNow) for prvSampleTimeNow
    timers.o(i.prvProcessReceivedCommands) refers to timers.o(i.prvInsertTimerInActiveList) for prvInsertTimerInActiveList
    timers.o(i.prvProcessReceivedCommands) refers to timers.o(i.xTimerGenericCommand) for xTimerGenericCommand
    timers.o(i.prvProcessReceivedCommands) refers to printf3.o(i.__0printf$3) for __2printf
    timers.o(i.prvProcessReceivedCommands) refers to heap_4.o(i.vPortFree) for vPortFree
    timers.o(i.prvProcessReceivedCommands) refers to queue.o(i.xQueueGenericReceive) for xQueueGenericReceive
    timers.o(i.prvProcessReceivedCommands) refers to timers.o(.data) for .data
    timers.o(i.prvProcessTimerOrBlockTask) refers to tasks.o(i.vTaskSuspendAll) for vTaskSuspendAll
    timers.o(i.prvProcessTimerOrBlockTask) refers to timers.o(i.prvSampleTimeNow) for prvSampleTimeNow
    timers.o(i.prvProcessTimerOrBlockTask) refers to tasks.o(i.xTaskResumeAll) for xTaskResumeAll
    timers.o(i.prvProcessTimerOrBlockTask) refers to queue.o(i.vQueueWaitForMessageRestricted) for vQueueWaitForMessageRestricted
    timers.o(i.prvProcessTimerOrBlockTask) refers to timers.o(i.prvProcessExpiredTimer) for prvProcessExpiredTimer
    timers.o(i.prvProcessTimerOrBlockTask) refers to timers.o(.data) for .data
    timers.o(i.prvSampleTimeNow) refers to tasks.o(i.xTaskGetTickCount) for xTaskGetTickCount
    timers.o(i.prvSampleTimeNow) refers to timers.o(i.prvSwitchTimerLists) for prvSwitchTimerLists
    timers.o(i.prvSampleTimeNow) refers to timers.o(.data) for .data
    timers.o(i.prvSwitchTimerLists) refers to list.o(i.uxListRemove) for uxListRemove
    timers.o(i.prvSwitchTimerLists) refers to list.o(i.vListInsert) for vListInsert
    timers.o(i.prvSwitchTimerLists) refers to timers.o(i.xTimerGenericCommand) for xTimerGenericCommand
    timers.o(i.prvSwitchTimerLists) refers to printf3.o(i.__0printf$3) for __2printf
    timers.o(i.prvSwitchTimerLists) refers to timers.o(.data) for .data
    timers.o(i.prvSwitchTimerLists) refers to timers.o(i.xTimerCreate) for i.xTimerCreate
    timers.o(i.prvTimerTask) refers to timers.o(i.prvProcessTimerOrBlockTask) for prvProcessTimerOrBlockTask
    timers.o(i.prvTimerTask) refers to timers.o(i.prvProcessReceivedCommands) for prvProcessReceivedCommands
    timers.o(i.prvTimerTask) refers to timers.o(.data) for .data
    timers.o(i.pvTimerGetTimerID) refers to printf3.o(i.__0printf$3) for __2printf
    timers.o(i.pvTimerGetTimerID) refers to port.o(i.vPortEnterCritical) for vPortEnterCritical
    timers.o(i.pvTimerGetTimerID) refers to port.o(i.vPortExitCritical) for vPortExitCritical
    timers.o(i.vTimerSetTimerID) refers to printf3.o(i.__0printf$3) for __2printf
    timers.o(i.vTimerSetTimerID) refers to port.o(i.vPortEnterCritical) for vPortEnterCritical
    timers.o(i.vTimerSetTimerID) refers to port.o(i.vPortExitCritical) for vPortExitCritical
    timers.o(i.xTimerCreate) refers to heap_4.o(i.pvPortMalloc) for pvPortMalloc
    timers.o(i.xTimerCreate) refers to printf3.o(i.__0printf$3) for __2printf
    timers.o(i.xTimerCreate) refers to timers.o(i.prvCheckForValidListAndQueue) for prvCheckForValidListAndQueue
    timers.o(i.xTimerCreate) refers to list.o(i.vListInitialiseItem) for vListInitialiseItem
    timers.o(i.xTimerCreateTimerTask) refers to timers.o(i.prvCheckForValidListAndQueue) for prvCheckForValidListAndQueue
    timers.o(i.xTimerCreateTimerTask) refers to tasks.o(i.xTaskCreate) for xTaskCreate
    timers.o(i.xTimerCreateTimerTask) refers to printf3.o(i.__0printf$3) for __2printf
    timers.o(i.xTimerCreateTimerTask) refers to timers.o(.data) for .data
    timers.o(i.xTimerCreateTimerTask) refers to timers.o(i.prvTimerTask) for prvTimerTask
    timers.o(i.xTimerGenericCommand) refers to printf3.o(i.__0printf$3) for __2printf
    timers.o(i.xTimerGenericCommand) refers to tasks.o(i.xTaskGetSchedulerState) for xTaskGetSchedulerState
    timers.o(i.xTimerGenericCommand) refers to queue.o(i.xQueueGenericSend) for xQueueGenericSend
    timers.o(i.xTimerGenericCommand) refers to queue.o(i.xQueueGenericSendFromISR) for xQueueGenericSendFromISR
    timers.o(i.xTimerGenericCommand) refers to timers.o(.data) for .data
    timers.o(i.xTimerGetExpiryTime) refers to printf3.o(i.__0printf$3) for __2printf
    timers.o(i.xTimerGetPeriod) refers to printf3.o(i.__0printf$3) for __2printf
    timers.o(i.xTimerGetTimerDaemonTaskHandle) refers to printf3.o(i.__0printf$3) for __2printf
    timers.o(i.xTimerGetTimerDaemonTaskHandle) refers to timers.o(.data) for .data
    timers.o(i.xTimerIsTimerActive) refers to printf3.o(i.__0printf$3) for __2printf
    timers.o(i.xTimerIsTimerActive) refers to port.o(i.vPortEnterCritical) for vPortEnterCritical
    timers.o(i.xTimerIsTimerActive) refers to port.o(i.vPortExitCritical) for vPortExitCritical
    timers.o(i.xTimerPendFunctionCall) refers to printf3.o(i.__0printf$3) for __2printf
    timers.o(i.xTimerPendFunctionCall) refers to queue.o(i.xQueueGenericSend) for xQueueGenericSend
    timers.o(i.xTimerPendFunctionCall) refers to timers.o(.data) for .data
    timers.o(i.xTimerPendFunctionCallFromISR) refers to queue.o(i.xQueueGenericSendFromISR) for xQueueGenericSendFromISR
    timers.o(i.xTimerPendFunctionCallFromISR) refers to timers.o(.data) for .data
    port.o(.emb_text) refers to tasks.o(i.vTaskSwitchContext) for vTaskSwitchContext
    port.o(.emb_text) refers to tasks.o(.data) for pxCurrentTCB
    port.o(i.prvTaskExitError) refers to printf3.o(i.__0printf$3) for __2printf
    port.o(i.prvTaskExitError) refers to port.o(.data) for .data
    port.o(i.pxPortInitialiseStack) refers to port.o(i.prvTaskExitError) for prvTaskExitError
    port.o(i.vPortEndScheduler) refers to printf3.o(i.__0printf$3) for __2printf
    port.o(i.vPortEndScheduler) refers to port.o(.data) for .data
    port.o(i.vPortEnterCritical) refers to printf3.o(i.__0printf$3) for __2printf
    port.o(i.vPortEnterCritical) refers to port.o(.data) for .data
    port.o(i.vPortExitCritical) refers to printf3.o(i.__0printf$3) for __2printf
    port.o(i.vPortExitCritical) refers to port.o(.data) for .data
    port.o(i.vPortSetupTimerInterrupt) refers to system_stm32f4xx.o(.data) for SystemCoreClock
    port.o(i.vPortValidateInterruptPriority) refers to port.o(.emb_text) for vPortGetIPSR
    port.o(i.vPortValidateInterruptPriority) refers to printf3.o(i.__0printf$3) for __2printf
    port.o(i.vPortValidateInterruptPriority) refers to port.o(.data) for .data
    port.o(i.xPortStartScheduler) refers to printf3.o(i.__0printf$3) for __2printf
    port.o(i.xPortStartScheduler) refers to port.o(i.vPortSetupTimerInterrupt) for vPortSetupTimerInterrupt
    port.o(i.xPortStartScheduler) refers to port.o(.emb_text) for __asm___6_port_c_39a90d8d__prvEnableVFP
    port.o(i.xPortStartScheduler) refers to port.o(.data) for .data
    port.o(i.xPortSysTickHandler) refers to tasks.o(i.xTaskIncrementTick) for xTaskIncrementTick
    heap_4.o(i.prvHeapInit) refers to heap_4.o(.bss) for .bss
    heap_4.o(i.prvHeapInit) refers to heap_4.o(.data) for .data
    heap_4.o(i.prvInsertBlockIntoFreeList) refers to heap_4.o(.data) for .data
    heap_4.o(i.pvPortMalloc) refers to tasks.o(i.vTaskSuspendAll) for vTaskSuspendAll
    heap_4.o(i.pvPortMalloc) refers to heap_4.o(i.prvHeapInit) for prvHeapInit
    heap_4.o(i.pvPortMalloc) refers to printf3.o(i.__0printf$3) for __2printf
    heap_4.o(i.pvPortMalloc) refers to heap_4.o(i.prvInsertBlockIntoFreeList) for prvInsertBlockIntoFreeList
    heap_4.o(i.pvPortMalloc) refers to tasks.o(i.xTaskResumeAll) for xTaskResumeAll
    heap_4.o(i.pvPortMalloc) refers to heap_4.o(.data) for .data
    heap_4.o(i.vPortFree) refers to printf3.o(i.__0printf$3) for __2printf
    heap_4.o(i.vPortFree) refers to tasks.o(i.vTaskSuspendAll) for vTaskSuspendAll
    heap_4.o(i.vPortFree) refers to heap_4.o(i.prvInsertBlockIntoFreeList) for prvInsertBlockIntoFreeList
    heap_4.o(i.vPortFree) refers to tasks.o(i.xTaskResumeAll) for xTaskResumeAll
    heap_4.o(i.vPortFree) refers to heap_4.o(.data) for .data
    heap_4.o(i.xPortGetFreeHeapSize) refers to heap_4.o(.data) for .data
    heap_4.o(i.xPortGetMinimumEverFreeHeapSize) refers to heap_4.o(.data) for .data
    system.o(i.systemInit) refers to misc.o(i.NVIC_PriorityGroupConfig) for NVIC_PriorityGroupConfig
    system.o(i.systemInit) refers to delay.o(i.delay_init) for delay_init
    system.o(i.systemInit) refers to led.o(i.LED_Init) for LED_Init
    system.o(i.systemInit) refers to led.o(i.Buzzer_Init) for Buzzer_Init
    system.o(i.systemInit) refers to motor.o(i.Enable_Pin) for Enable_Pin
    system.o(i.systemInit) refers to oled.o(i.OLED_Init) for OLED_Init
    system.o(i.systemInit) refers to key.o(i.KEY_Init) for KEY_Init
    system.o(i.systemInit) refers to usartx.o(i.uart1_init) for uart1_init
    system.o(i.systemInit) refers to usartx.o(i.uart4_init) for uart4_init
    system.o(i.systemInit) refers to usartx.o(i.uart3_init) for uart3_init
    system.o(i.systemInit) refers to can.o(i.CAN1_Mode_Init) for CAN1_Mode_Init
    system.o(i.systemInit) refers to adc.o(i.Adc_Init) for Adc_Init
    system.o(i.systemInit) refers to robot_select_init.o(i.Robot_Select) for Robot_Select
    system.o(i.systemInit) refers to encoder.o(i.Encoder_Init_TIM2) for Encoder_Init_TIM2
    system.o(i.systemInit) refers to encoder.o(i.Encoder_Init_TIM3) for Encoder_Init_TIM3
    system.o(i.systemInit) refers to encoder.o(i.Encoder_Init_TIM4) for Encoder_Init_TIM4
    system.o(i.systemInit) refers to encoder.o(i.Encoder_Init_TIM5) for Encoder_Init_TIM5
    system.o(i.systemInit) refers to motor.o(i.MiniBalance_Motor_Init) for MiniBalance_Motor_Init
    system.o(i.systemInit) refers to motor.o(i.MiniBalance_PWM_Init) for MiniBalance_PWM_Init
    system.o(i.systemInit) refers to i2c.o(i.I2C_GPIOInit) for I2C_GPIOInit
    system.o(i.systemInit) refers to mpu6050.o(i.MPU6050_initialize) for MPU6050_initialize
    system.o(i.systemInit) refers to motor.o(i.Servo_PWM_Init) for Servo_PWM_Init
    system.o(i.systemInit) refers to pstwo.o(i.PS2_Init) for PS2_Init
    system.o(i.systemInit) refers to pstwo.o(i.PS2_SetInit) for PS2_SetInit
    balance.o(i.Balance_task) refers to delay.o(i.getSysTickCnt) for getSysTickCnt
    balance.o(i.Balance_task) refers to tasks.o(i.vTaskDelayUntil) for vTaskDelayUntil
    balance.o(i.Balance_task) refers to balance.o(i.Get_Velocity_Form_Encoder) for Get_Velocity_Form_Encoder
    balance.o(i.Balance_task) refers to balance.o(i.PS2_control) for PS2_control
    balance.o(i.Balance_task) refers to balance.o(i.Key) for Key
    balance.o(i.Balance_task) refers to adc.o(i.Get_battery_volt) for Get_battery_volt
    balance.o(i.Balance_task) refers to balance.o(i.Turn_Off) for Turn_Off
    balance.o(i.Balance_task) refers to balance.o(i.Set_Pwm) for Set_Pwm
    balance.o(i.Balance_task) refers to balance.o(i.Incremental_PI_A) for Incremental_PI_A
    balance.o(i.Balance_task) refers to balance.o(i.Incremental_PI_B) for Incremental_PI_B
    balance.o(i.Balance_task) refers to balance.o(i.Incremental_PI_C) for Incremental_PI_C
    balance.o(i.Balance_task) refers to balance.o(i.Incremental_PI_D) for Incremental_PI_D
    balance.o(i.Balance_task) refers to balance.o(i.Excute_Servo_Group1) for Excute_Servo_Group1
    balance.o(i.Balance_task) refers to balance.o(i.Excute_Servo_Group2) for Excute_Servo_Group2
    balance.o(i.Balance_task) refers to balance.o(.data) for .data
    balance.o(i.Balance_task) refers to system.o(.bss) for MOTOR_A
    balance.o(i.Balance_task) refers to system.o(.bss) for MOTOR_B
    balance.o(i.Balance_task) refers to system.o(.bss) for MOTOR_C
    balance.o(i.Balance_task) refers to system.o(.bss) for MOTOR_D
    balance.o(i.Drive_Motor) refers to balance.o(i.Smooth_control) for Smooth_control
    balance.o(i.Drive_Motor) refers to balance.o(i.target_limit_float) for target_limit_float
    balance.o(i.Drive_Motor) refers to system.o(.bss) for smooth_control
    balance.o(i.Drive_Motor) refers to system.o(.data) for Wheel_axlespacing
    balance.o(i.Drive_Motor) refers to system.o(.data) for Wheel_spacing
    balance.o(i.Drive_Motor) refers to system.o(.bss) for MOTOR_A
    balance.o(i.Drive_Motor) refers to system.o(.bss) for MOTOR_B
    balance.o(i.Drive_Motor) refers to system.o(.bss) for MOTOR_C
    balance.o(i.Drive_Motor) refers to system.o(.bss) for MOTOR_D
    balance.o(i.Drive_Motor) refers to balance.o(.data) for .data
    balance.o(i.Excute_Servo_Group1) refers to stm32f4xx_tim.o(i.TIM_SetCompare1) for TIM_SetCompare1
    balance.o(i.Excute_Servo_Group1) refers to stm32f4xx_tim.o(i.TIM_SetCompare2) for TIM_SetCompare2
    balance.o(i.Excute_Servo_Group2) refers to stm32f4xx_tim.o(i.TIM_SetCompare3) for TIM_SetCompare3
    balance.o(i.Excute_Servo_Group2) refers to stm32f4xx_tim.o(i.TIM_SetCompare4) for TIM_SetCompare4
    balance.o(i.Get_Velocity_Form_Encoder) refers to encoder.o(i.Read_Encoder) for Read_Encoder
    balance.o(i.Get_Velocity_Form_Encoder) refers to system.o(.data) for Wheel_perimeter
    balance.o(i.Get_Velocity_Form_Encoder) refers to system.o(.data) for Encoder_precision
    balance.o(i.Get_Velocity_Form_Encoder) refers to system.o(.bss) for MOTOR_A
    balance.o(i.Get_Velocity_Form_Encoder) refers to system.o(.bss) for MOTOR_B
    balance.o(i.Get_Velocity_Form_Encoder) refers to system.o(.bss) for MOTOR_C
    balance.o(i.Get_Velocity_Form_Encoder) refers to system.o(.bss) for MOTOR_D
    balance.o(i.Incremental_PI_A) refers to balance.o(.data) for .data
    balance.o(i.Incremental_PI_A) refers to system.o(.data) for Velocity_KP
    balance.o(i.Incremental_PI_A) refers to system.o(.data) for Velocity_KI
    balance.o(i.Incremental_PI_B) refers to balance.o(.data) for .data
    balance.o(i.Incremental_PI_B) refers to system.o(.data) for Velocity_KP
    balance.o(i.Incremental_PI_B) refers to system.o(.data) for Velocity_KI
    balance.o(i.Incremental_PI_C) refers to balance.o(.data) for .data
    balance.o(i.Incremental_PI_C) refers to system.o(.data) for Velocity_KP
    balance.o(i.Incremental_PI_C) refers to system.o(.data) for Velocity_KI
    balance.o(i.Incremental_PI_D) refers to balance.o(.data) for .data
    balance.o(i.Incremental_PI_D) refers to system.o(.data) for Velocity_KP
    balance.o(i.Incremental_PI_D) refers to system.o(.data) for Velocity_KI
    balance.o(i.Key) refers to key.o(i.click) for click
    balance.o(i.Key) refers to mpu6050.o(.data) for Deviation_gyro
    balance.o(i.Limit_Pwm) refers to balance.o(i.target_limit_float) for target_limit_float
    balance.o(i.Limit_Pwm) refers to system.o(.bss) for MOTOR_A
    balance.o(i.Limit_Pwm) refers to system.o(.bss) for MOTOR_B
    balance.o(i.Limit_Pwm) refers to system.o(.bss) for MOTOR_C
    balance.o(i.Limit_Pwm) refers to system.o(.bss) for MOTOR_D
    balance.o(i.PS2_control) refers to balance.o(i.Drive_Motor) for Drive_Motor
    balance.o(i.PS2_control) refers to system.o(.data) for PS2_LX
    balance.o(i.PS2_control) refers to system.o(.data) for PS2_LY
    balance.o(i.PS2_control) refers to system.o(.data) for PS2_RX
    balance.o(i.PS2_control) refers to system.o(.data) for Move_X
    balance.o(i.PS2_control) refers to system.o(.data) for Move_Z
    balance.o(i.PS2_control) refers to system.o(.data) for PS2_KEY
    balance.o(i.PS2_control) refers to system.o(.data) for RC_Velocity
    balance.o(i.PS2_control) refers to system.o(.data) for Move_Y
    balance.o(i.Set_Pwm) refers to balance.o(i.myabs) for myabs
    balance.o(i.Set_Pwm) refers to stm32f4xx_tim.o(i.TIM_SetCompare4) for TIM_SetCompare4
    balance.o(i.Set_Pwm) refers to stm32f4xx_tim.o(i.TIM_SetCompare3) for TIM_SetCompare3
    balance.o(i.Set_Pwm) refers to stm32f4xx_tim.o(i.TIM_SetCompare2) for TIM_SetCompare2
    balance.o(i.Set_Pwm) refers to stm32f4xx_tim.o(i.TIM_SetCompare1) for TIM_SetCompare1
    balance.o(i.Set_Pwm) refers to balance.o(.data) for .data
    balance.o(i.Smooth_control) refers to system.o(.bss) for smooth_control
    balance.o(i.Turn_Off) refers to system.o(.data) for Flag_Stop
    robot_select_init.o(i.Robot_Init) refers to robot_select_init.o(.bss) for .bss
    robot_select_init.o(i.Robot_Init) refers to system.o(.data) for Encoder_precision
    robot_select_init.o(i.Robot_Init) refers to system.o(.data) for Wheel_perimeter
    robot_select_init.o(i.Robot_Init) refers to system.o(.data) for Wheel_spacing
    robot_select_init.o(i.Robot_Init) refers to system.o(.data) for Wheel_axlespacing
    robot_select_init.o(i.Robot_Select) refers to robot_select_init.o(i.Robot_Init) for Robot_Init
    show.o(i.APP_Show) refers to printf3.o(i.__0printf$3) for __2printf
    show.o(i.APP_Show) refers to adc.o(.data) for Voltage
    show.o(i.APP_Show) refers to system.o(.bss) for MOTOR_A
    show.o(i.APP_Show) refers to system.o(.bss) for MOTOR_B
    show.o(i.APP_Show) refers to show.o(.data) for .data
    show.o(i.APP_Show) refers to system.o(.data) for PID_Send
    show.o(i.APP_Show) refers to mpu6050.o(.data) for gyro
    show.o(i.APP_Show) refers to system.o(.data) for Velocity_KI
    show.o(i.APP_Show) refers to system.o(.data) for Velocity_KP
    show.o(i.APP_Show) refers to system.o(.data) for RC_Velocity
    show.o(i.oled_show) refers to adc.o(i.Get_adc_Average) for Get_adc_Average
    show.o(i.oled_show) refers to oled.o(i.OLED_ShowString) for OLED_ShowString
    show.o(i.oled_show) refers to oled.o(i.OLED_ShowNumber) for OLED_ShowNumber
    show.o(i.oled_show) refers to oled.o(i.OLED_Refresh_Gram) for OLED_Refresh_Gram
    show.o(i.oled_show) refers to system.o(.data) for Divisor_Mode
    show.o(i.oled_show) refers to adc.o(.data) for Voltage
    show.o(i.oled_show) refers to show.o(.data) for .data
    show.o(i.oled_show) refers to balance.o(.data) for robot_mode_check_flag
    show.o(i.oled_show) refers to mpu6050.o(.data) for gyro
    show.o(i.oled_show) refers to system.o(.bss) for MOTOR_A
    show.o(i.oled_show) refers to system.o(.bss) for MOTOR_B
    show.o(i.oled_show) refers to system.o(.bss) for MOTOR_C
    show.o(i.oled_show) refers to system.o(.bss) for MOTOR_D
    show.o(i.oled_show) refers to system.o(.data) for PS2_ON_Flag
    show.o(i.oled_show) refers to system.o(.data) for APP_ON_Flag
    show.o(i.oled_show) refers to system.o(.data) for Remote_ON_Flag
    show.o(i.oled_show) refers to system.o(.data) for CAN_ON_Flag
    show.o(i.oled_show) refers to system.o(.data) for Usart_ON_Flag
    show.o(i.oled_show) refers to system.o(.data) for Flag_Stop
    show.o(i.show_task) refers to delay.o(i.getSysTickCnt) for getSysTickCnt
    show.o(i.show_task) refers to tasks.o(i.vTaskDelayUntil) for vTaskDelayUntil
    show.o(i.show_task) refers to adc.o(i.Get_battery_volt) for Get_battery_volt
    show.o(i.show_task) refers to show.o(i.APP_Show) for APP_Show
    show.o(i.show_task) refers to show.o(i.oled_show) for oled_show
    show.o(i.show_task) refers to balance.o(.data) for Time_count
    show.o(i.show_task) refers to adc.o(.data) for Voltage_All
    show.o(i.show_task) refers to show.o(.data) for .data
    show.o(i.show_task) refers to adc.o(.data) for Voltage
    hubdriver.o(i.Asyn_ctrl_set) refers to hubdriver.o(i.ModbusCRC16_Check) for ModbusCRC16_Check
    hubdriver.o(i.Asyn_ctrl_set) refers to delay.o(i.delay_ms) for delay_ms
    hubdriver.o(i.Asyn_ctrl_set) refers to usartx.o(i.usart3_send) for usart3_send
    hubdriver.o(i.Enable) refers to delay.o(i.delay_ms) for delay_ms
    hubdriver.o(i.Enable) refers to usartx.o(i.usart3_send) for usart3_send
    hubdriver.o(i.HUB_init) refers to hubdrivercan.o(i.hub_CAN_velocity_init) for hub_CAN_velocity_init
    hubdriver.o(i.HUB_init) refers to hubdrivercan.o(i.hub_CAN_Encoder_init) for hub_CAN_Encoder_init
    hubdriver.o(i.HUB_init) refers to delay.o(i.delay_xms) for delay_xms
    hubdriver.o(i.Left_Torque_mAs) refers to hubdriver.o(i.ModbusCRC16_Check) for ModbusCRC16_Check
    hubdriver.o(i.Left_Torque_mAs) refers to delay.o(i.delay_ms) for delay_ms
    hubdriver.o(i.Left_Torque_mAs) refers to usartx.o(i.usart3_send) for usart3_send
    hubdriver.o(i.Left_acc_time) refers to hubdriver.o(i.ModbusCRC16_Check) for ModbusCRC16_Check
    hubdriver.o(i.Left_acc_time) refers to delay.o(i.delay_ms) for delay_ms
    hubdriver.o(i.Left_acc_time) refers to usartx.o(i.usart3_send) for usart3_send
    hubdriver.o(i.Left_dec_time) refers to hubdriver.o(i.ModbusCRC16_Check) for ModbusCRC16_Check
    hubdriver.o(i.Left_dec_time) refers to delay.o(i.delay_ms) for delay_ms
    hubdriver.o(i.Left_dec_time) refers to usartx.o(i.usart3_send) for usart3_send
    hubdriver.o(i.Relate_position_mode_set) refers to hubdriver.o(i.ModbusCRC16_Check) for ModbusCRC16_Check
    hubdriver.o(i.Relate_position_mode_set) refers to delay.o(i.delay_ms) for delay_ms
    hubdriver.o(i.Relate_position_mode_set) refers to usartx.o(i.usart3_send) for usart3_send
    hubdriver.o(i.Right_Torque_mAs) refers to hubdriver.o(i.ModbusCRC16_Check) for ModbusCRC16_Check
    hubdriver.o(i.Right_Torque_mAs) refers to delay.o(i.delay_ms) for delay_ms
    hubdriver.o(i.Right_Torque_mAs) refers to usartx.o(i.usart3_send) for usart3_send
    hubdriver.o(i.Right_acc_time) refers to hubdriver.o(i.ModbusCRC16_Check) for ModbusCRC16_Check
    hubdriver.o(i.Right_acc_time) refers to delay.o(i.delay_ms) for delay_ms
    hubdriver.o(i.Right_acc_time) refers to usartx.o(i.usart3_send) for usart3_send
    hubdriver.o(i.Right_dec_time) refers to hubdriver.o(i.ModbusCRC16_Check) for ModbusCRC16_Check
    hubdriver.o(i.Right_dec_time) refers to delay.o(i.delay_ms) for delay_ms
    hubdriver.o(i.Right_dec_time) refers to usartx.o(i.usart3_send) for usart3_send
    hubdriver.o(i.SetMaxRpm_left_Right) refers to hubdriver.o(i.ModbusCRC16_Check) for ModbusCRC16_Check
    hubdriver.o(i.SetMaxRpm_left_Right) refers to delay.o(i.delay_ms) for delay_ms
    hubdriver.o(i.SetMaxRpm_left_Right) refers to usartx.o(i.usart3_send) for usart3_send
    hubdriver.o(i.Set_stop) refers to delay.o(i.delay_ms) for delay_ms
    hubdriver.o(i.Set_stop) refers to usartx.o(i.usart3_send) for usart3_send
    hubdriver.o(i.T_mode_set) refers to delay.o(i.delay_ms) for delay_ms
    hubdriver.o(i.T_mode_set) refers to usartx.o(i.usart3_send) for usart3_send
    hubdriver.o(i.V_mode_set) refers to delay.o(i.delay_ms) for delay_ms
    hubdriver.o(i.V_mode_set) refers to usartx.o(i.usart3_send) for usart3_send
    hubdriver.o(i.hub_485_Position) refers to delay.o(i.delay_ms) for delay_ms
    hubdriver.o(i.hub_485_Position) refers to hubdriver.o(i.ModbusCRC16_Check) for ModbusCRC16_Check
    hubdriver.o(i.hub_485_Position) refers to usartx.o(i.usart3_send) for usart3_send
    hubdriver.o(i.hub_485_Rpm) refers to delay.o(i.delay_ms) for delay_ms
    hubdriver.o(i.hub_485_Rpm) refers to hubdriver.o(i.ModbusCRC16_Check) for ModbusCRC16_Check
    hubdriver.o(i.hub_485_Rpm) refers to usartx.o(i.usart3_send) for usart3_send
    hubdriver.o(i.hub_485_Syn_Position) refers to memcpya.o(.text) for __aeabi_memcpy4
    hubdriver.o(i.hub_485_Syn_Position) refers to delay.o(i.delay_ms) for delay_ms
    hubdriver.o(i.hub_485_Syn_Position) refers to hubdriver.o(i.ModbusCRC16_Check) for ModbusCRC16_Check
    hubdriver.o(i.hub_485_Syn_Position) refers to usartx.o(i.usart3_send) for usart3_send
    hubdriver.o(i.hub_485_Syn_Rpm) refers to delay.o(i.delay_ms) for delay_ms
    hubdriver.o(i.hub_485_Syn_Rpm) refers to hubdriver.o(i.ModbusCRC16_Check) for ModbusCRC16_Check
    hubdriver.o(i.hub_485_Syn_Rpm) refers to usartx.o(i.usart3_send) for usart3_send
    hubdriver.o(i.hub_485_Syn_Torque) refers to delay.o(i.delay_ms) for delay_ms
    hubdriver.o(i.hub_485_Syn_Torque) refers to hubdriver.o(i.ModbusCRC16_Check) for ModbusCRC16_Check
    hubdriver.o(i.hub_485_Syn_Torque) refers to usartx.o(i.usart3_send) for usart3_send
    hubdriver.o(i.hub_485_Torque) refers to delay.o(i.delay_ms) for delay_ms
    hubdriver.o(i.hub_485_Torque) refers to hubdriver.o(i.ModbusCRC16_Check) for ModbusCRC16_Check
    hubdriver.o(i.hub_485_Torque) refers to usartx.o(i.usart3_send) for usart3_send
    hubdriver.o(i.hub_485_position_init) refers to hubdriver.o(i.Asyn_ctrl_set) for Asyn_ctrl_set
    hubdriver.o(i.hub_485_position_init) refers to hubdriver.o(i.Relate_position_mode_set) for Relate_position_mode_set
    hubdriver.o(i.hub_485_position_init) refers to hubdriver.o(i.Left_acc_time) for Left_acc_time
    hubdriver.o(i.hub_485_position_init) refers to hubdriver.o(i.Right_acc_time) for Right_acc_time
    hubdriver.o(i.hub_485_position_init) refers to hubdriver.o(i.Left_dec_time) for Left_dec_time
    hubdriver.o(i.hub_485_position_init) refers to hubdriver.o(i.Right_dec_time) for Right_dec_time
    hubdriver.o(i.hub_485_position_init) refers to hubdriver.o(i.SetMaxRpm_left_Right) for SetMaxRpm_left_Right
    hubdriver.o(i.hub_485_position_init) refers to hubdriver.o(i.Enable) for Enable
    hubdriver.o(i.hub_485_torque_init) refers to hubdriver.o(i.T_mode_set) for T_mode_set
    hubdriver.o(i.hub_485_torque_init) refers to hubdriver.o(i.Left_Torque_mAs) for Left_Torque_mAs
    hubdriver.o(i.hub_485_torque_init) refers to hubdriver.o(i.Right_Torque_mAs) for Right_Torque_mAs
    hubdriver.o(i.hub_485_torque_init) refers to hubdriver.o(i.Enable) for Enable
    hubdriver.o(i.hub_485_velocity_init) refers to hubdriver.o(i.V_mode_set) for V_mode_set
    hubdriver.o(i.hub_485_velocity_init) refers to hubdriver.o(i.Left_acc_time) for Left_acc_time
    hubdriver.o(i.hub_485_velocity_init) refers to hubdriver.o(i.Right_acc_time) for Right_acc_time
    hubdriver.o(i.hub_485_velocity_init) refers to hubdriver.o(i.Left_dec_time) for Left_dec_time
    hubdriver.o(i.hub_485_velocity_init) refers to hubdriver.o(i.Right_dec_time) for Right_dec_time
    hubdriver.o(i.hub_485_velocity_init) refers to hubdriver.o(i.Enable) for Enable
    hubdrivercan.o(i.CAN_Asyn_ctrl_set) refers to can.o(i.CAN1_Send_Num) for CAN1_Send_Num
    hubdrivercan.o(i.CAN_Enable) refers to delay.o(i.delay_xms) for delay_xms
    hubdrivercan.o(i.CAN_Enable) refers to can.o(i.CAN1_Send_Num) for CAN1_Send_Num
    hubdrivercan.o(i.CAN_Left_Torque_mAs) refers to delay.o(i.delay_ms) for delay_ms
    hubdrivercan.o(i.CAN_Left_Torque_mAs) refers to can.o(i.CAN1_Send_Num) for CAN1_Send_Num
    hubdrivercan.o(i.CAN_P_mode_set) refers to delay.o(i.delay_ms) for delay_ms
    hubdrivercan.o(i.CAN_P_mode_set) refers to can.o(i.CAN1_Send_Num) for CAN1_Send_Num
    hubdrivercan.o(i.CAN_Right_Torque_mAs) refers to delay.o(i.delay_ms) for delay_ms
    hubdrivercan.o(i.CAN_Right_Torque_mAs) refers to can.o(i.CAN1_Send_Num) for CAN1_Send_Num
    hubdrivercan.o(i.CAN_SetMaxRpm_left_Right) refers to delay.o(i.delay_ms) for delay_ms
    hubdrivercan.o(i.CAN_SetMaxRpm_left_Right) refers to can.o(i.CAN1_Send_Num) for CAN1_Send_Num
    hubdrivercan.o(i.CAN_Stop) refers to can.o(i.CAN1_Send_Num) for CAN1_Send_Num
    hubdrivercan.o(i.CAN_T_mode_set) refers to delay.o(i.delay_ms) for delay_ms
    hubdrivercan.o(i.CAN_T_mode_set) refers to can.o(i.CAN1_Send_Num) for CAN1_Send_Num
    hubdrivercan.o(i.CAN_V_mode_set) refers to can.o(i.CAN1_Send_Num) for CAN1_Send_Num
    hubdrivercan.o(i.CAN_Write_EEPROM) refers to can.o(i.CAN1_Send_Num) for CAN1_Send_Num
    hubdrivercan.o(i.CAN_acc_time) refers to delay.o(i.delay_xms) for delay_xms
    hubdrivercan.o(i.CAN_acc_time) refers to can.o(i.CAN1_Send_Num) for CAN1_Send_Num
    hubdrivercan.o(i.CAN_acc_time_left) refers to delay.o(i.delay_xms) for delay_xms
    hubdrivercan.o(i.CAN_acc_time_left) refers to can.o(i.CAN1_Send_Num) for CAN1_Send_Num
    hubdrivercan.o(i.CAN_acc_time_right) refers to delay.o(i.delay_xms) for delay_xms
    hubdrivercan.o(i.CAN_acc_time_right) refers to can.o(i.CAN1_Send_Num) for CAN1_Send_Num
    hubdrivercan.o(i.CAN_dec_time_left) refers to delay.o(i.delay_xms) for delay_xms
    hubdrivercan.o(i.CAN_dec_time_left) refers to can.o(i.CAN1_Send_Num) for CAN1_Send_Num
    hubdrivercan.o(i.CAN_dec_time_right) refers to delay.o(i.delay_xms) for delay_xms
    hubdrivercan.o(i.CAN_dec_time_right) refers to can.o(i.CAN1_Send_Num) for CAN1_Send_Num
    hubdrivercan.o(i.CAN_setBaudrate) refers to can.o(i.CAN1_Send_Num) for CAN1_Send_Num
    hubdrivercan.o(i.CAN_setBaudrate) refers to delay.o(i.delay_xms) for delay_xms
    hubdrivercan.o(i.CAN_setBaudrate) refers to hubdrivercan.o(i.CAN_Write_EEPROM) for CAN_Write_EEPROM
    hubdrivercan.o(i.hub_CAN_Abs_Position) refers to can.o(i.CAN1_Send_Num) for CAN1_Send_Num
    hubdrivercan.o(i.hub_CAN_Encoder_init) refers to can.o(i.CAN1_Send_Num) for CAN1_Send_Num
    hubdrivercan.o(i.hub_CAN_Encoder_init) refers to delay.o(i.delay_xms) for delay_xms
    hubdrivercan.o(i.hub_CAN_Rel_Position) refers to can.o(i.CAN1_Send_Num) for CAN1_Send_Num
    hubdrivercan.o(i.hub_CAN_Rpm) refers to can.o(i.CAN1_Send_Num) for CAN1_Send_Num
    hubdrivercan.o(i.hub_CAN_Syn_Rpm) refers to can.o(i.CAN1_Send_Num) for CAN1_Send_Num
    hubdrivercan.o(i.hub_CAN_Syn_Torque) refers to can.o(i.CAN1_Send_Num) for CAN1_Send_Num
    hubdrivercan.o(i.hub_CAN_Torque) refers to can.o(i.CAN1_Send_Num) for CAN1_Send_Num
    hubdrivercan.o(i.hub_CAN_position_init) refers to hubdrivercan.o(i.CAN_P_mode_set) for CAN_P_mode_set
    hubdrivercan.o(i.hub_CAN_position_init) refers to hubdrivercan.o(i.CAN_acc_time) for CAN_acc_time
    hubdrivercan.o(i.hub_CAN_position_init) refers to hubdrivercan.o(i.CAN_Enable) for CAN_Enable
    hubdrivercan.o(i.hub_CAN_position_init) refers to hubdrivercan.o(i.CAN_SetMaxRpm_left_Right) for CAN_SetMaxRpm_left_Right
    hubdrivercan.o(i.hub_CAN_position_init) refers to hubdrivercan.o(.data) for .data
    hubdrivercan.o(i.hub_CAN_torque_init) refers to hubdrivercan.o(i.CAN_Asyn_ctrl_set) for CAN_Asyn_ctrl_set
    hubdrivercan.o(i.hub_CAN_torque_init) refers to hubdrivercan.o(i.CAN_T_mode_set) for CAN_T_mode_set
    hubdrivercan.o(i.hub_CAN_torque_init) refers to hubdrivercan.o(i.CAN_Left_Torque_mAs) for CAN_Left_Torque_mAs
    hubdrivercan.o(i.hub_CAN_torque_init) refers to hubdrivercan.o(i.CAN_Right_Torque_mAs) for CAN_Right_Torque_mAs
    hubdrivercan.o(i.hub_CAN_torque_init) refers to hubdrivercan.o(i.CAN_Enable) for CAN_Enable
    hubdrivercan.o(i.hub_CAN_velocity_init) refers to hubdrivercan.o(i.CAN_Asyn_ctrl_set) for CAN_Asyn_ctrl_set
    hubdrivercan.o(i.hub_CAN_velocity_init) refers to hubdrivercan.o(i.CAN_V_mode_set) for CAN_V_mode_set
    hubdrivercan.o(i.hub_CAN_velocity_init) refers to hubdrivercan.o(i.CAN_acc_time) for CAN_acc_time
    hubdrivercan.o(i.hub_CAN_velocity_init) refers to hubdrivercan.o(i.CAN_Enable) for CAN_Enable
    hubdrivercan.o(i.hub_CAN_velocity_init) refers to hubdrivercan.o(.data) for .data
    mpu6050.o(i.MPU6050_Set_LPF) refers to i2c.o(i.I2C_WriteOneByte) for I2C_WriteOneByte
    mpu6050.o(i.MPU6050_Set_Rate) refers to i2c.o(i.I2C_WriteOneByte) for I2C_WriteOneByte
    mpu6050.o(i.MPU6050_Set_Rate) refers to mpu6050.o(i.MPU6050_Set_LPF) for MPU6050_Set_LPF
    mpu6050.o(i.MPU6050_getDeviceID) refers to i2c.o(i.I2C_ReadOneByte) for I2C_ReadOneByte
    mpu6050.o(i.MPU6050_initialize) refers to i2c.o(i.I2C_WriteOneByte) for I2C_WriteOneByte
    mpu6050.o(i.MPU6050_initialize) refers to delay.o(i.delay_ms) for delay_ms
    mpu6050.o(i.MPU6050_initialize) refers to mpu6050.o(i.MPU6050_setFullScaleGyroRange) for MPU6050_setFullScaleGyroRange
    mpu6050.o(i.MPU6050_initialize) refers to mpu6050.o(i.MPU6050_setFullScaleAccelRange) for MPU6050_setFullScaleAccelRange
    mpu6050.o(i.MPU6050_initialize) refers to mpu6050.o(i.MPU6050_Set_Rate) for MPU6050_Set_Rate
    mpu6050.o(i.MPU6050_initialize) refers to i2c.o(i.I2C_ReadOneByte) for I2C_ReadOneByte
    mpu6050.o(i.MPU6050_newValues) refers to mpu6050.o(.bss) for .bss
    mpu6050.o(i.MPU6050_setClockSource) refers to i2c.o(i.I2C_WriteBits) for I2C_WriteBits
    mpu6050.o(i.MPU6050_setFullScaleAccelRange) refers to i2c.o(i.I2C_WriteBits) for I2C_WriteBits
    mpu6050.o(i.MPU6050_setFullScaleGyroRange) refers to i2c.o(i.I2C_WriteBits) for I2C_WriteBits
    mpu6050.o(i.MPU6050_setI2CBypassEnabled) refers to i2c.o(i.I2C_WriteOneBit) for I2C_WriteOneBit
    mpu6050.o(i.MPU6050_setI2CMasterModeEnabled) refers to i2c.o(i.I2C_WriteOneBit) for I2C_WriteOneBit
    mpu6050.o(i.MPU6050_setSleepEnabled) refers to i2c.o(i.I2C_WriteOneBit) for I2C_WriteOneBit
    mpu6050.o(i.MPU6050_task) refers to delay.o(i.getSysTickCnt) for getSysTickCnt
    mpu6050.o(i.MPU6050_task) refers to tasks.o(i.vTaskDelayUntil) for vTaskDelayUntil
    mpu6050.o(i.MPU6050_task) refers to mpu6050.o(i.MPU_Get_Accelscope) for MPU_Get_Accelscope
    mpu6050.o(i.MPU6050_task) refers to mpu6050.o(i.MPU_Get_Gyroscope) for MPU_Get_Gyroscope
    mpu6050.o(i.MPU6050_task) refers to mpu6050.o(.data) for .data
    mpu6050.o(i.MPU6050_testConnection) refers to mpu6050.o(i.MPU6050_getDeviceID) for MPU6050_getDeviceID
    mpu6050.o(i.MPU_Get_Accelscope) refers to i2c.o(i.I2C_ReadOneByte) for I2C_ReadOneByte
    mpu6050.o(i.MPU_Get_Accelscope) refers to mpu6050.o(.data) for .data
    mpu6050.o(i.MPU_Get_Gyroscope) refers to i2c.o(i.I2C_ReadOneByte) for I2C_ReadOneByte
    mpu6050.o(i.MPU_Get_Gyroscope) refers to mpu6050.o(.data) for .data
    mpu6050.o(i.MPU_Get_Gyroscope) refers to led.o(.data) for Led_Count
    mpu6050.o(i.MPU_Get_Gyroscope) refers to system.o(.data) for Flag_Stop
    mpu6050.o(i.Read_Temperature) refers to i2c.o(i.I2C_ReadOneByte) for I2C_ReadOneByte
    i2c.o(i.I2C_Ack) refers to delay.o(i.delay_us) for delay_us
    i2c.o(i.I2C_GPIOInit) refers to stm32f4xx_rcc.o(i.RCC_AHB1PeriphClockCmd) for RCC_AHB1PeriphClockCmd
    i2c.o(i.I2C_GPIOInit) refers to stm32f4xx_gpio.o(i.GPIO_Init) for GPIO_Init
    i2c.o(i.I2C_NAck) refers to delay.o(i.delay_us) for delay_us
    i2c.o(i.I2C_ReadBuff) refers to i2c.o(i.I2C_Start) for I2C_Start
    i2c.o(i.I2C_ReadBuff) refers to i2c.o(i.I2C_WriteByte) for I2C_WriteByte
    i2c.o(i.I2C_ReadBuff) refers to i2c.o(i.I2C_WaiteForAck) for I2C_WaiteForAck
    i2c.o(i.I2C_ReadBuff) refers to i2c.o(i.I2C_ReadByte) for I2C_ReadByte
    i2c.o(i.I2C_ReadBuff) refers to i2c.o(i.I2C_Stop) for I2C_Stop
    i2c.o(i.I2C_ReadByte) refers to delay.o(i.delay_us) for delay_us
    i2c.o(i.I2C_ReadByte) refers to i2c.o(i.I2C_NAck) for I2C_NAck
    i2c.o(i.I2C_ReadByte) refers to i2c.o(i.I2C_Ack) for I2C_Ack
    i2c.o(i.I2C_ReadOneByte) refers to i2c.o(i.I2C_Start) for I2C_Start
    i2c.o(i.I2C_ReadOneByte) refers to i2c.o(i.I2C_WriteByte) for I2C_WriteByte
    i2c.o(i.I2C_ReadOneByte) refers to i2c.o(i.I2C_WaiteForAck) for I2C_WaiteForAck
    i2c.o(i.I2C_ReadOneByte) refers to i2c.o(i.I2C_ReadByte) for I2C_ReadByte
    i2c.o(i.I2C_ReadOneByte) refers to i2c.o(i.I2C_Stop) for I2C_Stop
    i2c.o(i.I2C_Start) refers to delay.o(i.delay_us) for delay_us
    i2c.o(i.I2C_Stop) refers to delay.o(i.delay_us) for delay_us
    i2c.o(i.I2C_WaiteForAck) refers to delay.o(i.delay_us) for delay_us
    i2c.o(i.I2C_WaiteForAck) refers to i2c.o(i.I2C_Stop) for I2C_Stop
    i2c.o(i.I2C_WriteBits) refers to i2c.o(i.I2C_ReadOneByte) for I2C_ReadOneByte
    i2c.o(i.I2C_WriteBits) refers to i2c.o(i.I2C_WriteOneByte) for I2C_WriteOneByte
    i2c.o(i.I2C_WriteBuff) refers to i2c.o(i.I2C_Start) for I2C_Start
    i2c.o(i.I2C_WriteBuff) refers to i2c.o(i.I2C_WriteByte) for I2C_WriteByte
    i2c.o(i.I2C_WriteBuff) refers to i2c.o(i.I2C_WaiteForAck) for I2C_WaiteForAck
    i2c.o(i.I2C_WriteBuff) refers to i2c.o(i.I2C_Stop) for I2C_Stop
    i2c.o(i.I2C_WriteByte) refers to delay.o(i.delay_us) for delay_us
    i2c.o(i.I2C_WriteOneBit) refers to i2c.o(i.I2C_ReadOneByte) for I2C_ReadOneByte
    i2c.o(i.I2C_WriteOneBit) refers to i2c.o(i.I2C_WriteOneByte) for I2C_WriteOneByte
    i2c.o(i.I2C_WriteOneByte) refers to i2c.o(i.I2C_Start) for I2C_Start
    i2c.o(i.I2C_WriteOneByte) refers to i2c.o(i.I2C_WriteByte) for I2C_WriteByte
    i2c.o(i.I2C_WriteOneByte) refers to i2c.o(i.I2C_WaiteForAck) for I2C_WaiteForAck
    i2c.o(i.I2C_WriteOneByte) refers to i2c.o(i.I2C_Stop) for I2C_Stop
    pow.o(i.__hardfp_pow) refers (Special) to iusefp.o(.text) for __I$use$fp
    pow.o(i.__hardfp_pow) refers to dunder.o(i.__mathlib_dbl_infnan2) for __mathlib_dbl_infnan2
    pow.o(i.__hardfp_pow) refers to errno.o(i.__set_errno) for __set_errno
    pow.o(i.__hardfp_pow) refers to dunder.o(i.__mathlib_dbl_divzero) for __mathlib_dbl_divzero
    pow.o(i.__hardfp_pow) refers to dunder.o(i.__mathlib_dbl_overflow) for __mathlib_dbl_overflow
    pow.o(i.__hardfp_pow) refers to ddiv.o(.text) for __aeabi_ddiv
    pow.o(i.__hardfp_pow) refers to sqrt.o(i.sqrt) for sqrt
    pow.o(i.__hardfp_pow) refers to fabs.o(i.fabs) for fabs
    pow.o(i.__hardfp_pow) refers to dflti.o(.text) for __aeabi_i2d
    pow.o(i.__hardfp_pow) refers to dunder.o(i.__mathlib_dbl_invalid) for __mathlib_dbl_invalid
    pow.o(i.__hardfp_pow) refers to dmul.o(.text) for __aeabi_dmul
    pow.o(i.__hardfp_pow) refers to dunder.o(i.__mathlib_dbl_underflow) for __mathlib_dbl_underflow
    pow.o(i.__hardfp_pow) refers to dadd.o(.text) for __aeabi_dsub
    pow.o(i.__hardfp_pow) refers to qnan.o(.constdata) for __mathlib_zero
    pow.o(i.__hardfp_pow) refers to poly.o(i.__kernel_poly) for __kernel_poly
    pow.o(i.__hardfp_pow) refers to pow.o(.constdata) for .constdata
    pow.o(i.__hardfp_pow) refers to cdrcmple.o(.text) for __aeabi_cdrcmple
    pow.o(i.__hardfp_pow) refers to dscalb.o(.text) for __ARM_scalbn
    pow.o(i.__hardfp_pow) refers to fpclassify.o(i.__ARM_fpclassify) for __ARM_fpclassify
    pow.o(i.__softfp_pow) refers (Special) to iusefp.o(.text) for __I$use$fp
    pow.o(i.__softfp_pow) refers to pow.o(i.__hardfp_pow) for __hardfp_pow
    pow.o(i.pow) refers (Special) to iusefp.o(.text) for __I$use$fp
    pow.o(i.pow) refers to pow.o(i.__hardfp_pow) for __hardfp_pow
    pow.o(.constdata) refers (Special) to iusefp.o(.text) for __I$use$fp
    pow_x.o(i.____hardfp_pow$lsc) refers (Special) to iusefp.o(.text) for __I$use$fp
    pow_x.o(i.____hardfp_pow$lsc) refers to dunder.o(i.__mathlib_dbl_infnan2) for __mathlib_dbl_infnan2
    pow_x.o(i.____hardfp_pow$lsc) refers to errno.o(i.__set_errno) for __set_errno
    pow_x.o(i.____hardfp_pow$lsc) refers to ddiv.o(.text) for __aeabi_ddiv
    pow_x.o(i.____hardfp_pow$lsc) refers to sqrt.o(i.sqrt) for sqrt
    pow_x.o(i.____hardfp_pow$lsc) refers to fabs.o(i.fabs) for fabs
    pow_x.o(i.____hardfp_pow$lsc) refers to dflti.o(.text) for __aeabi_i2d
    pow_x.o(i.____hardfp_pow$lsc) refers to dmul.o(.text) for __aeabi_dmul
    pow_x.o(i.____hardfp_pow$lsc) refers to dadd.o(.text) for __aeabi_dsub
    pow_x.o(i.____hardfp_pow$lsc) refers to qnan.o(.constdata) for __mathlib_zero
    pow_x.o(i.____hardfp_pow$lsc) refers to poly.o(i.__kernel_poly) for __kernel_poly
    pow_x.o(i.____hardfp_pow$lsc) refers to pow_x.o(.constdata) for .constdata
    pow_x.o(i.____hardfp_pow$lsc) refers to cdrcmple.o(.text) for __aeabi_cdrcmple
    pow_x.o(i.____hardfp_pow$lsc) refers to dscalb.o(.text) for __ARM_scalbn
    pow_x.o(i.____softfp_pow$lsc) refers (Special) to iusefp.o(.text) for __I$use$fp
    pow_x.o(i.____softfp_pow$lsc) refers to pow_x.o(i.____hardfp_pow$lsc) for ____hardfp_pow$lsc
    pow_x.o(i.__pow$lsc) refers (Special) to iusefp.o(.text) for __I$use$fp
    pow_x.o(i.__pow$lsc) refers to pow_x.o(i.____hardfp_pow$lsc) for ____hardfp_pow$lsc
    pow_x.o(.constdata) refers (Special) to iusefp.o(.text) for __I$use$fp
    entry.o(.ARM.Collect$$$$00000000) refers (Special) to entry10a.o(.ARM.Collect$$$$0000000F) for __rt_final_cpp
    entry.o(.ARM.Collect$$$$00000000) refers (Special) to entry11a.o(.ARM.Collect$$$$00000011) for __rt_final_exit
    entry.o(.ARM.Collect$$$$00000000) refers (Special) to entry12b.o(.ARM.Collect$$$$0000000E) for __rt_lib_shutdown_fini
    entry.o(.ARM.Collect$$$$00000000) refers (Special) to entry7b.o(.ARM.Collect$$$$00000008) for _main_clock
    entry.o(.ARM.Collect$$$$00000000) refers (Special) to entry8b.o(.ARM.Collect$$$$0000000A) for _main_cpp_init
    entry.o(.ARM.Collect$$$$00000000) refers (Special) to entry9a.o(.ARM.Collect$$$$0000000B) for _main_init
    entry.o(.ARM.Collect$$$$00000000) refers (Special) to entry5.o(.ARM.Collect$$$$00000004) for _main_scatterload
    entry.o(.ARM.Collect$$$$00000000) refers (Special) to entry2.o(.ARM.Collect$$$$00000001) for _main_stk
    printfb.o(i.__0fprintf$bare) refers to printfb.o(i._printf_core) for _printf_core
    printfb.o(i.__0fprintf$bare) refers to usart.o(i.fputc) for fputc
    printfb.o(i.__0printf$bare) refers to printfb.o(i._printf_core) for _printf_core
    printfb.o(i.__0printf$bare) refers to usart.o(i.fputc) for fputc
    printfb.o(i.__0printf$bare) refers to usart.o(.data) for __stdout
    printfb.o(i.__0snprintf$bare) refers to printfb.o(i._printf_core) for _printf_core
    printfb.o(i.__0snprintf$bare) refers to printfb.o(i._snputc) for _snputc
    printfb.o(i.__0sprintf$bare) refers to printfb.o(i._printf_core) for _printf_core
    printfb.o(i.__0sprintf$bare) refers to printfb.o(i._sputc) for _sputc
    printfb.o(i.__0vfprintf$bare) refers to printfb.o(i._printf_core) for _printf_core
    printfb.o(i.__0vfprintf$bare) refers to usart.o(i.fputc) for fputc
    printfb.o(i.__0vprintf$bare) refers to printfb.o(i._printf_core) for _printf_core
    printfb.o(i.__0vprintf$bare) refers to usart.o(i.fputc) for fputc
    printfb.o(i.__0vprintf$bare) refers to usart.o(.data) for __stdout
    printfb.o(i.__0vsnprintf$bare) refers to printfb.o(i._printf_core) for _printf_core
    printfb.o(i.__0vsnprintf$bare) refers to printfb.o(i._snputc) for _snputc
    printfb.o(i.__0vsprintf$bare) refers to printfb.o(i._printf_core) for _printf_core
    printfb.o(i.__0vsprintf$bare) refers to printfb.o(i._sputc) for _sputc
    printf0.o(i.__0fprintf$0) refers to printf0.o(i._printf_core) for _printf_core
    printf0.o(i.__0fprintf$0) refers to usart.o(i.fputc) for fputc
    printf0.o(i.__0printf$0) refers to printf0.o(i._printf_core) for _printf_core
    printf0.o(i.__0printf$0) refers to usart.o(i.fputc) for fputc
    printf0.o(i.__0printf$0) refers to usart.o(.data) for __stdout
    printf0.o(i.__0snprintf$0) refers to printf0.o(i._printf_core) for _printf_core
    printf0.o(i.__0snprintf$0) refers to printf0.o(i._snputc) for _snputc
    printf0.o(i.__0sprintf$0) refers to printf0.o(i._printf_core) for _printf_core
    printf0.o(i.__0sprintf$0) refers to printf0.o(i._sputc) for _sputc
    printf0.o(i.__0vfprintf$0) refers to printf0.o(i._printf_core) for _printf_core
    printf0.o(i.__0vfprintf$0) refers to usart.o(i.fputc) for fputc
    printf0.o(i.__0vprintf$0) refers to printf0.o(i._printf_core) for _printf_core
    printf0.o(i.__0vprintf$0) refers to usart.o(i.fputc) for fputc
    printf0.o(i.__0vprintf$0) refers to usart.o(.data) for __stdout
    printf0.o(i.__0vsnprintf$0) refers to printf0.o(i._printf_core) for _printf_core
    printf0.o(i.__0vsnprintf$0) refers to printf0.o(i._snputc) for _snputc
    printf0.o(i.__0vsprintf$0) refers to printf0.o(i._printf_core) for _printf_core
    printf0.o(i.__0vsprintf$0) refers to printf0.o(i._sputc) for _sputc
    printf1.o(i.__0fprintf$1) refers to printf1.o(i._printf_core) for _printf_core
    printf1.o(i.__0fprintf$1) refers to usart.o(i.fputc) for fputc
    printf1.o(i.__0printf$1) refers to printf1.o(i._printf_core) for _printf_core
    printf1.o(i.__0printf$1) refers to usart.o(i.fputc) for fputc
    printf1.o(i.__0printf$1) refers to usart.o(.data) for __stdout
    printf1.o(i.__0snprintf$1) refers to printf1.o(i._printf_core) for _printf_core
    printf1.o(i.__0snprintf$1) refers to printf1.o(i._snputc) for _snputc
    printf1.o(i.__0sprintf$1) refers to printf1.o(i._printf_core) for _printf_core
    printf1.o(i.__0sprintf$1) refers to printf1.o(i._sputc) for _sputc
    printf1.o(i.__0vfprintf$1) refers to printf1.o(i._printf_core) for _printf_core
    printf1.o(i.__0vfprintf$1) refers to usart.o(i.fputc) for fputc
    printf1.o(i.__0vprintf$1) refers to printf1.o(i._printf_core) for _printf_core
    printf1.o(i.__0vprintf$1) refers to usart.o(i.fputc) for fputc
    printf1.o(i.__0vprintf$1) refers to usart.o(.data) for __stdout
    printf1.o(i.__0vsnprintf$1) refers to printf1.o(i._printf_core) for _printf_core
    printf1.o(i.__0vsnprintf$1) refers to printf1.o(i._snputc) for _snputc
    printf1.o(i.__0vsprintf$1) refers to printf1.o(i._printf_core) for _printf_core
    printf1.o(i.__0vsprintf$1) refers to printf1.o(i._sputc) for _sputc
    printf1.o(i._printf_core) refers to uidiv.o(.text) for __aeabi_uidivmod
    printf2.o(i.__0fprintf$2) refers to printf2.o(i._printf_core) for _printf_core
    printf2.o(i.__0fprintf$2) refers to usart.o(i.fputc) for fputc
    printf2.o(i.__0printf$2) refers to printf2.o(i._printf_core) for _printf_core
    printf2.o(i.__0printf$2) refers to usart.o(i.fputc) for fputc
    printf2.o(i.__0printf$2) refers to usart.o(.data) for __stdout
    printf2.o(i.__0snprintf$2) refers to printf2.o(i._printf_core) for _printf_core
    printf2.o(i.__0snprintf$2) refers to printf2.o(i._snputc) for _snputc
    printf2.o(i.__0sprintf$2) refers to printf2.o(i._printf_core) for _printf_core
    printf2.o(i.__0sprintf$2) refers to printf2.o(i._sputc) for _sputc
    printf2.o(i.__0vfprintf$2) refers to printf2.o(i._printf_core) for _printf_core
    printf2.o(i.__0vfprintf$2) refers to usart.o(i.fputc) for fputc
    printf2.o(i.__0vprintf$2) refers to printf2.o(i._printf_core) for _printf_core
    printf2.o(i.__0vprintf$2) refers to usart.o(i.fputc) for fputc
    printf2.o(i.__0vprintf$2) refers to usart.o(.data) for __stdout
    printf2.o(i.__0vsnprintf$2) refers to printf2.o(i._printf_core) for _printf_core
    printf2.o(i.__0vsnprintf$2) refers to printf2.o(i._snputc) for _snputc
    printf2.o(i.__0vsprintf$2) refers to printf2.o(i._printf_core) for _printf_core
    printf2.o(i.__0vsprintf$2) refers to printf2.o(i._sputc) for _sputc
    printf3.o(i.__0fprintf$3) refers to printf3.o(i._printf_core) for _printf_core
    printf3.o(i.__0fprintf$3) refers to usart.o(i.fputc) for fputc
    printf3.o(i.__0printf$3) refers to printf3.o(i._printf_core) for _printf_core
    printf3.o(i.__0printf$3) refers to usart.o(i.fputc) for fputc
    printf3.o(i.__0printf$3) refers to usart.o(.data) for __stdout
    printf3.o(i.__0snprintf$3) refers to printf3.o(i._printf_core) for _printf_core
    printf3.o(i.__0snprintf$3) refers to printf3.o(i._snputc) for _snputc
    printf3.o(i.__0sprintf$3) refers to printf3.o(i._printf_core) for _printf_core
    printf3.o(i.__0sprintf$3) refers to printf3.o(i._sputc) for _sputc
    printf3.o(i.__0vfprintf$3) refers to printf3.o(i._printf_core) for _printf_core
    printf3.o(i.__0vfprintf$3) refers to usart.o(i.fputc) for fputc
    printf3.o(i.__0vprintf$3) refers to printf3.o(i._printf_core) for _printf_core
    printf3.o(i.__0vprintf$3) refers to usart.o(i.fputc) for fputc
    printf3.o(i.__0vprintf$3) refers to usart.o(.data) for __stdout
    printf3.o(i.__0vsnprintf$3) refers to printf3.o(i._printf_core) for _printf_core
    printf3.o(i.__0vsnprintf$3) refers to printf3.o(i._snputc) for _snputc
    printf3.o(i.__0vsprintf$3) refers to printf3.o(i._printf_core) for _printf_core
    printf3.o(i.__0vsprintf$3) refers to printf3.o(i._sputc) for _sputc
    printf3.o(i._printf_core) refers to uidiv.o(.text) for __aeabi_uidivmod
    printf4.o(i.__0fprintf$4) refers to printf4.o(i._printf_core) for _printf_core
    printf4.o(i.__0fprintf$4) refers to usart.o(i.fputc) for fputc
    printf4.o(i.__0printf$4) refers to printf4.o(i._printf_core) for _printf_core
    printf4.o(i.__0printf$4) refers to usart.o(i.fputc) for fputc
    printf4.o(i.__0printf$4) refers to usart.o(.data) for __stdout
    printf4.o(i.__0snprintf$4) refers to printf4.o(i._printf_core) for _printf_core
    printf4.o(i.__0snprintf$4) refers to printf4.o(i._snputc) for _snputc
    printf4.o(i.__0sprintf$4) refers to printf4.o(i._printf_core) for _printf_core
    printf4.o(i.__0sprintf$4) refers to printf4.o(i._sputc) for _sputc
    printf4.o(i.__0vfprintf$4) refers to printf4.o(i._printf_core) for _printf_core
    printf4.o(i.__0vfprintf$4) refers to usart.o(i.fputc) for fputc
    printf4.o(i.__0vprintf$4) refers to printf4.o(i._printf_core) for _printf_core
    printf4.o(i.__0vprintf$4) refers to usart.o(i.fputc) for fputc
    printf4.o(i.__0vprintf$4) refers to usart.o(.data) for __stdout
    printf4.o(i.__0vsnprintf$4) refers to printf4.o(i._printf_core) for _printf_core
    printf4.o(i.__0vsnprintf$4) refers to printf4.o(i._snputc) for _snputc
    printf4.o(i.__0vsprintf$4) refers to printf4.o(i._printf_core) for _printf_core
    printf4.o(i.__0vsprintf$4) refers to printf4.o(i._sputc) for _sputc
    printf4.o(i._printf_core) refers to uldiv.o(.text) for __aeabi_uldivmod
    printf5.o(i.__0fprintf$5) refers to printf5.o(i._printf_core) for _printf_core
    printf5.o(i.__0fprintf$5) refers to usart.o(i.fputc) for fputc
    printf5.o(i.__0printf$5) refers to printf5.o(i._printf_core) for _printf_core
    printf5.o(i.__0printf$5) refers to usart.o(i.fputc) for fputc
    printf5.o(i.__0printf$5) refers to usart.o(.data) for __stdout
    printf5.o(i.__0snprintf$5) refers to printf5.o(i._printf_core) for _printf_core
    printf5.o(i.__0snprintf$5) refers to printf5.o(i._snputc) for _snputc
    printf5.o(i.__0sprintf$5) refers to printf5.o(i._printf_core) for _printf_core
    printf5.o(i.__0sprintf$5) refers to printf5.o(i._sputc) for _sputc
    printf5.o(i.__0vfprintf$5) refers to printf5.o(i._printf_core) for _printf_core
    printf5.o(i.__0vfprintf$5) refers to usart.o(i.fputc) for fputc
    printf5.o(i.__0vprintf$5) refers to printf5.o(i._printf_core) for _printf_core
    printf5.o(i.__0vprintf$5) refers to usart.o(i.fputc) for fputc
    printf5.o(i.__0vprintf$5) refers to usart.o(.data) for __stdout
    printf5.o(i.__0vsnprintf$5) refers to printf5.o(i._printf_core) for _printf_core
    printf5.o(i.__0vsnprintf$5) refers to printf5.o(i._snputc) for _snputc
    printf5.o(i.__0vsprintf$5) refers to printf5.o(i._printf_core) for _printf_core
    printf5.o(i.__0vsprintf$5) refers to printf5.o(i._sputc) for _sputc
    printf5.o(i._printf_core) refers to uldiv.o(.text) for __aeabi_uldivmod
    printf6.o(i.__0fprintf$6) refers to printf6.o(i._printf_core) for _printf_core
    printf6.o(i.__0fprintf$6) refers to usart.o(i.fputc) for fputc
    printf6.o(i.__0printf$6) refers to printf6.o(i._printf_core) for _printf_core
    printf6.o(i.__0printf$6) refers to usart.o(i.fputc) for fputc
    printf6.o(i.__0printf$6) refers to usart.o(.data) for __stdout
    printf6.o(i.__0snprintf$6) refers to printf6.o(i._printf_core) for _printf_core
    printf6.o(i.__0snprintf$6) refers to printf6.o(i._snputc) for _snputc
    printf6.o(i.__0sprintf$6) refers to printf6.o(i._printf_core) for _printf_core
    printf6.o(i.__0sprintf$6) refers to printf6.o(i._sputc) for _sputc
    printf6.o(i.__0vfprintf$6) refers to printf6.o(i._printf_core) for _printf_core
    printf6.o(i.__0vfprintf$6) refers to usart.o(i.fputc) for fputc
    printf6.o(i.__0vprintf$6) refers to printf6.o(i._printf_core) for _printf_core
    printf6.o(i.__0vprintf$6) refers to usart.o(i.fputc) for fputc
    printf6.o(i.__0vprintf$6) refers to usart.o(.data) for __stdout
    printf6.o(i.__0vsnprintf$6) refers to printf6.o(i._printf_core) for _printf_core
    printf6.o(i.__0vsnprintf$6) refers to printf6.o(i._snputc) for _snputc
    printf6.o(i.__0vsprintf$6) refers to printf6.o(i._printf_core) for _printf_core
    printf6.o(i.__0vsprintf$6) refers to printf6.o(i._sputc) for _sputc
    printf6.o(i._printf_core) refers to printf6.o(i._printf_pre_padding) for _printf_pre_padding
    printf6.o(i._printf_core) refers to uidiv.o(.text) for __aeabi_uidivmod
    printf6.o(i._printf_core) refers to printf6.o(i._printf_post_padding) for _printf_post_padding
    printf7.o(i.__0fprintf$7) refers to printf7.o(i._printf_core) for _printf_core
    printf7.o(i.__0fprintf$7) refers to usart.o(i.fputc) for fputc
    printf7.o(i.__0printf$7) refers to printf7.o(i._printf_core) for _printf_core
    printf7.o(i.__0printf$7) refers to usart.o(i.fputc) for fputc
    printf7.o(i.__0printf$7) refers to usart.o(.data) for __stdout
    printf7.o(i.__0snprintf$7) refers to printf7.o(i._printf_core) for _printf_core
    printf7.o(i.__0snprintf$7) refers to printf7.o(i._snputc) for _snputc
    printf7.o(i.__0sprintf$7) refers to printf7.o(i._printf_core) for _printf_core
    printf7.o(i.__0sprintf$7) refers to printf7.o(i._sputc) for _sputc
    printf7.o(i.__0vfprintf$7) refers to printf7.o(i._printf_core) for _printf_core
    printf7.o(i.__0vfprintf$7) refers to usart.o(i.fputc) for fputc
    printf7.o(i.__0vprintf$7) refers to printf7.o(i._printf_core) for _printf_core
    printf7.o(i.__0vprintf$7) refers to usart.o(i.fputc) for fputc
    printf7.o(i.__0vprintf$7) refers to usart.o(.data) for __stdout
    printf7.o(i.__0vsnprintf$7) refers to printf7.o(i._printf_core) for _printf_core
    printf7.o(i.__0vsnprintf$7) refers to printf7.o(i._snputc) for _snputc
    printf7.o(i.__0vsprintf$7) refers to printf7.o(i._printf_core) for _printf_core
    printf7.o(i.__0vsprintf$7) refers to printf7.o(i._sputc) for _sputc
    printf7.o(i._printf_core) refers to printf7.o(i._printf_pre_padding) for _printf_pre_padding
    printf7.o(i._printf_core) refers to uldiv.o(.text) for __aeabi_uldivmod
    printf7.o(i._printf_core) refers to printf7.o(i._printf_post_padding) for _printf_post_padding
    printf8.o(i.__0fprintf$8) refers to printf8.o(i._printf_core) for _printf_core
    printf8.o(i.__0fprintf$8) refers to usart.o(i.fputc) for fputc
    printf8.o(i.__0printf$8) refers to printf8.o(i._printf_core) for _printf_core
    printf8.o(i.__0printf$8) refers to usart.o(i.fputc) for fputc
    printf8.o(i.__0printf$8) refers to usart.o(.data) for __stdout
    printf8.o(i.__0snprintf$8) refers to printf8.o(i._printf_core) for _printf_core
    printf8.o(i.__0snprintf$8) refers to printf8.o(i._snputc) for _snputc
    printf8.o(i.__0sprintf$8) refers to printf8.o(i._printf_core) for _printf_core
    printf8.o(i.__0sprintf$8) refers to printf8.o(i._sputc) for _sputc
    printf8.o(i.__0vfprintf$8) refers to printf8.o(i._printf_core) for _printf_core
    printf8.o(i.__0vfprintf$8) refers to usart.o(i.fputc) for fputc
    printf8.o(i.__0vprintf$8) refers to printf8.o(i._printf_core) for _printf_core
    printf8.o(i.__0vprintf$8) refers to usart.o(i.fputc) for fputc
    printf8.o(i.__0vprintf$8) refers to usart.o(.data) for __stdout
    printf8.o(i.__0vsnprintf$8) refers to printf8.o(i._printf_core) for _printf_core
    printf8.o(i.__0vsnprintf$8) refers to printf8.o(i._snputc) for _snputc
    printf8.o(i.__0vsprintf$8) refers to printf8.o(i._printf_core) for _printf_core
    printf8.o(i.__0vsprintf$8) refers to printf8.o(i._sputc) for _sputc
    printf8.o(i._printf_core) refers to printf8.o(i._printf_pre_padding) for _printf_pre_padding
    printf8.o(i._printf_core) refers to uldiv.o(.text) for __aeabi_uldivmod
    printf8.o(i._printf_core) refers to printf8.o(i._printf_post_padding) for _printf_post_padding
    printfa.o(i.__0fprintf) refers (Special) to iusefp.o(.text) for __I$use$fp
    printfa.o(i.__0fprintf) refers to printfa.o(i._printf_core) for _printf_core
    printfa.o(i.__0fprintf) refers to usart.o(i.fputc) for fputc
    printfa.o(i.__0printf) refers (Special) to iusefp.o(.text) for __I$use$fp
    printfa.o(i.__0printf) refers to printfa.o(i._printf_core) for _printf_core
    printfa.o(i.__0printf) refers to usart.o(i.fputc) for fputc
    printfa.o(i.__0printf) refers to usart.o(.data) for __stdout
    printfa.o(i.__0snprintf) refers (Special) to iusefp.o(.text) for __I$use$fp
    printfa.o(i.__0snprintf) refers to printfa.o(i._printf_core) for _printf_core
    printfa.o(i.__0snprintf) refers to printfa.o(i._snputc) for _snputc
    printfa.o(i.__0sprintf) refers (Special) to iusefp.o(.text) for __I$use$fp
    printfa.o(i.__0sprintf) refers to printfa.o(i._printf_core) for _printf_core
    printfa.o(i.__0sprintf) refers to printfa.o(i._sputc) for _sputc
    printfa.o(i.__0vfprintf) refers (Special) to iusefp.o(.text) for __I$use$fp
    printfa.o(i.__0vfprintf) refers to printfa.o(i._printf_core) for _printf_core
    printfa.o(i.__0vfprintf) refers to usart.o(i.fputc) for fputc
    printfa.o(i.__0vprintf) refers (Special) to iusefp.o(.text) for __I$use$fp
    printfa.o(i.__0vprintf) refers to printfa.o(i._printf_core) for _printf_core
    printfa.o(i.__0vprintf) refers to usart.o(i.fputc) for fputc
    printfa.o(i.__0vprintf) refers to usart.o(.data) for __stdout
    printfa.o(i.__0vsnprintf) refers (Special) to iusefp.o(.text) for __I$use$fp
    printfa.o(i.__0vsnprintf) refers to printfa.o(i._printf_core) for _printf_core
    printfa.o(i.__0vsnprintf) refers to printfa.o(i._snputc) for _snputc
    printfa.o(i.__0vsprintf) refers (Special) to iusefp.o(.text) for __I$use$fp
    printfa.o(i.__0vsprintf) refers to printfa.o(i._printf_core) for _printf_core
    printfa.o(i.__0vsprintf) refers to printfa.o(i._sputc) for _sputc
    printfa.o(i._fp_digits) refers (Special) to iusefp.o(.text) for __I$use$fp
    printfa.o(i._fp_digits) refers to dmul.o(.text) for __aeabi_dmul
    printfa.o(i._fp_digits) refers to ddiv.o(.text) for __aeabi_ddiv
    printfa.o(i._fp_digits) refers to cdrcmple.o(.text) for __aeabi_cdrcmple
    printfa.o(i._fp_digits) refers to dadd.o(.text) for __aeabi_dadd
    printfa.o(i._fp_digits) refers to dfixul.o(.text) for __aeabi_d2ulz
    printfa.o(i._fp_digits) refers to uldiv.o(.text) for __aeabi_uldivmod
    printfa.o(i._printf_core) refers (Special) to iusefp.o(.text) for __I$use$fp
    printfa.o(i._printf_core) refers to printfa.o(i._printf_pre_padding) for _printf_pre_padding
    printfa.o(i._printf_core) refers to uldiv.o(.text) for __aeabi_uldivmod
    printfa.o(i._printf_core) refers to printfa.o(i._printf_post_padding) for _printf_post_padding
    printfa.o(i._printf_core) refers to printfa.o(i._fp_digits) for _fp_digits
    printfa.o(i._printf_core) refers to uidiv.o(.text) for __aeabi_uidivmod
    printfa.o(i._printf_post_padding) refers (Special) to iusefp.o(.text) for __I$use$fp
    printfa.o(i._printf_pre_padding) refers (Special) to iusefp.o(.text) for __I$use$fp
    printfa.o(i._snputc) refers (Special) to iusefp.o(.text) for __I$use$fp
    printfa.o(i._sputc) refers (Special) to iusefp.o(.text) for __I$use$fp
    dadd.o(.text) refers (Special) to iusefp.o(.text) for __I$use$fp
    dadd.o(.text) refers to llshl.o(.text) for __aeabi_llsl
    dadd.o(.text) refers to llsshr.o(.text) for __aeabi_lasr
    dadd.o(.text) refers to depilogue.o(.text) for _double_epilogue
    dmul.o(.text) refers (Special) to iusefp.o(.text) for __I$use$fp
    dmul.o(.text) refers to depilogue.o(.text) for _double_epilogue
    dflti.o(.text) refers (Special) to iusefp.o(.text) for __I$use$fp
    dflti.o(.text) refers to depilogue.o(.text) for _double_epilogue
    dfltui.o(.text) refers (Special) to iusefp.o(.text) for __I$use$fp
    dfltui.o(.text) refers to depilogue.o(.text) for _double_epilogue
    f2d.o(.text) refers (Special) to iusefp.o(.text) for __I$use$fp
    d2f.o(.text) refers (Special) to iusefp.o(.text) for __I$use$fp
    d2f.o(.text) refers to fepilogue.o(.text) for _float_round
    dunder.o(i.__mathlib_dbl_divzero) refers to ddiv.o(.text) for __aeabi_ddiv
    dunder.o(i.__mathlib_dbl_infnan) refers to dadd.o(.text) for __aeabi_dadd
    dunder.o(i.__mathlib_dbl_infnan2) refers to dadd.o(.text) for __aeabi_dadd
    dunder.o(i.__mathlib_dbl_invalid) refers to ddiv.o(.text) for __aeabi_ddiv
    dunder.o(i.__mathlib_dbl_overflow) refers to dmul.o(.text) for __aeabi_dmul
    dunder.o(i.__mathlib_dbl_posinfnan) refers to dmul.o(.text) for __aeabi_dmul
    dunder.o(i.__mathlib_dbl_underflow) refers to dmul.o(.text) for __aeabi_dmul
    fabs.o(i.__hardfp_fabs) refers (Special) to iusefp.o(.text) for __I$use$fp
    fabs.o(i.__softfp_fabs) refers (Special) to iusefp.o(.text) for __I$use$fp
    fabs.o(i.fabs) refers (Special) to iusefp.o(.text) for __I$use$fp
    fpclassify.o(i.__ARM_fpclassify) refers (Special) to iusefp.o(.text) for __I$use$fp
    poly.o(i.__kernel_poly) refers (Special) to iusefp.o(.text) for __I$use$fp
    poly.o(i.__kernel_poly) refers to dmul.o(.text) for __aeabi_dmul
    poly.o(i.__kernel_poly) refers to dadd.o(.text) for __aeabi_dadd
    qnan.o(.constdata) refers (Special) to iusefp.o(.text) for __I$use$fp
    sqrt.o(i.__hardfp_sqrt) refers (Special) to iusefp.o(.text) for __I$use$fp
    sqrt.o(i.__hardfp_sqrt) refers to dsqrt.o(.text) for _dsqrt
    sqrt.o(i.__hardfp_sqrt) refers to errno.o(i.__set_errno) for __set_errno
    sqrt.o(i.__softfp_sqrt) refers (Special) to iusefp.o(.text) for __I$use$fp
    sqrt.o(i.__softfp_sqrt) refers to dsqrt.o(.text) for _dsqrt
    sqrt.o(i.__softfp_sqrt) refers to errno.o(i.__set_errno) for __set_errno
    sqrt.o(i.sqrt) refers (Special) to iusefp.o(.text) for __I$use$fp
    sqrt.o(i.sqrt) refers to dsqrt.o(.text) for _dsqrt
    sqrt.o(i.sqrt) refers to errno.o(i.__set_errno) for __set_errno
    sqrt_x.o(i.____hardfp_sqrt$lsc) refers (Special) to iusefp.o(.text) for __I$use$fp
    sqrt_x.o(i.____hardfp_sqrt$lsc) refers to cdcmple.o(.text) for __aeabi_cdcmple
    sqrt_x.o(i.____hardfp_sqrt$lsc) refers to errno.o(i.__set_errno) for __set_errno
    sqrt_x.o(i.____hardfp_sqrt$lsc) refers to dsqrt.o(.text) for _dsqrt
    sqrt_x.o(i.____softfp_sqrt$lsc) refers (Special) to iusefp.o(.text) for __I$use$fp
    sqrt_x.o(i.____softfp_sqrt$lsc) refers to cdcmple.o(.text) for __aeabi_cdcmple
    sqrt_x.o(i.____softfp_sqrt$lsc) refers to errno.o(i.__set_errno) for __set_errno
    sqrt_x.o(i.____softfp_sqrt$lsc) refers to dsqrt.o(.text) for _dsqrt
    sqrt_x.o(i.__sqrt$lsc) refers (Special) to iusefp.o(.text) for __I$use$fp
    sqrt_x.o(i.__sqrt$lsc) refers to cdcmple.o(.text) for __aeabi_cdcmple
    sqrt_x.o(i.__sqrt$lsc) refers to errno.o(i.__set_errno) for __set_errno
    sqrt_x.o(i.__sqrt$lsc) refers to dsqrt.o(.text) for _dsqrt
    entry2.o(.ARM.Collect$$$$00000001) refers to entry2.o(.ARM.Collect$$$$00002712) for __lit__00000000
    entry2.o(.ARM.Collect$$$$00002712) refers to startup_stm32f40_41xxx.o(STACK) for __initial_sp
    entry2.o(__vectab_stack_and_reset_area) refers to startup_stm32f40_41xxx.o(STACK) for __initial_sp
    entry2.o(__vectab_stack_and_reset_area) refers to entry.o(.ARM.Collect$$$$00000000) for __main
    entry5.o(.ARM.Collect$$$$00000004) refers to init.o(.text) for __scatterload
    entry9a.o(.ARM.Collect$$$$0000000B) refers to main.o(i.main) for main
    entry9b.o(.ARM.Collect$$$$0000000C) refers to main.o(i.main) for main
    uldiv.o(.text) refers to llushr.o(.text) for __aeabi_llsr
    uldiv.o(.text) refers to llshl.o(.text) for __aeabi_llsl
    errno.o(i.__aeabi_errno_addr) refers to errno.o(.data) for .data
    errno.o(i.__read_errno) refers to errno.o(.data) for .data
    errno.o(i.__set_errno) refers to errno.o(.data) for .data
    depilogue.o(.text) refers to llshl.o(.text) for __aeabi_llsl
    depilogue.o(.text) refers to llushr.o(.text) for __aeabi_llsr
    ddiv.o(.text) refers to depilogue.o(.text) for _double_round
    dfixul.o(.text) refers to llushr.o(.text) for __aeabi_llsr
    dfixul.o(.text) refers to llshl.o(.text) for __aeabi_llsl
    init.o(.text) refers to entry5.o(.ARM.Collect$$$$00000004) for __main_after_scatterload
    dsqrt.o(.text) refers to llushr.o(.text) for __aeabi_llsr
    dsqrt.o(.text) refers to depilogue.o(.text) for _double_round


==============================================================================

Removing Unused input sections from the image.

    Removing main.o(.rev16_text), (4 bytes).
    Removing main.o(.revsh_text), (4 bytes).
    Removing stm32f4xx_it.o(.rev16_text), (4 bytes).
    Removing stm32f4xx_it.o(.revsh_text), (4 bytes).
    Removing system_stm32f4xx.o(.rev16_text), (4 bytes).
    Removing system_stm32f4xx.o(.revsh_text), (4 bytes).
    Removing system_stm32f4xx.o(i.SystemCoreClockUpdate), (120 bytes).
    Removing adc.o(.rev16_text), (4 bytes).
    Removing adc.o(.revsh_text), (4 bytes).
    Removing adc.o(.constdata), (4 bytes).
    Removing adc.o(.data), (4 bytes).
    Removing can.o(.rev16_text), (4 bytes).
    Removing can.o(.revsh_text), (4 bytes).
    Removing can.o(i.CAN1_Msg_Pend), (32 bytes).
    Removing can.o(i.CAN1_Receive_Msg), (66 bytes).
    Removing can.o(i.CAN1_Send_Msg), (58 bytes).
    Removing can.o(i.CAN1_Send_MsgTEST), (58 bytes).
    Removing encoder.o(.rev16_text), (4 bytes).
    Removing encoder.o(.revsh_text), (4 bytes).
    Removing key.o(.rev16_text), (4 bytes).
    Removing key.o(.revsh_text), (4 bytes).
    Removing key.o(i.Delay_ms), (18 bytes).
    Removing key.o(i.Long_Press), (60 bytes).
    Removing key.o(i.click_N_Double), (140 bytes).
    Removing key.o(i.click_N_Double_MPU6050), (140 bytes).
    Removing led.o(.rev16_text), (4 bytes).
    Removing led.o(.revsh_text), (4 bytes).
    Removing led.o(i.Led_Flash), (48 bytes).
    Removing motor.o(.rev16_text), (4 bytes).
    Removing motor.o(.revsh_text), (4 bytes).
    Removing oled.o(.rev16_text), (4 bytes).
    Removing oled.o(.revsh_text), (4 bytes).
    Removing oled.o(i.OLED_Display_Off), (30 bytes).
    Removing oled.o(i.OLED_Display_On), (30 bytes).
    Removing oled.o(i.OLED_Set_Pos), (40 bytes).
    Removing oled.o(i.OLED_ShowCHinese), (84 bytes).
    Removing pstwo.o(.rev16_text), (4 bytes).
    Removing pstwo.o(.revsh_text), (4 bytes).
    Removing pstwo.o(i.PS2_AnologData), (12 bytes).
    Removing pstwo.o(i.PS2_Receive), (124 bytes).
    Removing pstwo.o(i.PS2_RedLight), (60 bytes).
    Removing pstwo.o(i.PS2_Vibration), (96 bytes).
    Removing pstwo.o(i.PS2_VibrationMode), (68 bytes).
    Removing timer.o(.rev16_text), (4 bytes).
    Removing timer.o(.revsh_text), (4 bytes).
    Removing timer.o(i.TIM1_Cap_Init), (312 bytes).
    Removing usartx.o(.rev16_text), (4 bytes).
    Removing usartx.o(.revsh_text), (4 bytes).
    Removing usartx.o(i.usart4_send), (24 bytes).
    Removing delay.o(.rev16_text), (4 bytes).
    Removing delay.o(.revsh_text), (4 bytes).
    Removing delay.o(i.delay_xms), (26 bytes).
    Removing sys.o(.rev16_text), (4 bytes).
    Removing sys.o(.revsh_text), (4 bytes).
    Removing sys.o(.emb_text), (16 bytes).
    Removing usart.o(.rev16_text), (4 bytes).
    Removing usart.o(.revsh_text), (4 bytes).
    Removing usart.o(i._sys_exit), (2 bytes).
    Removing usart.o(i.uart_init), (172 bytes).
    Removing usart.o(.bss), (200 bytes).
    Removing usart.o(.data), (2 bytes).
    Removing startup_stm32f40_41xxx.o(HEAP), (512 bytes).
    Removing misc.o(.rev16_text), (4 bytes).
    Removing misc.o(.revsh_text), (4 bytes).
    Removing misc.o(i.NVIC_SetVectorTable), (20 bytes).
    Removing misc.o(i.NVIC_SystemLPConfig), (24 bytes).
    Removing stm32f4xx_gpio.o(.rev16_text), (4 bytes).
    Removing stm32f4xx_gpio.o(.revsh_text), (4 bytes).
    Removing stm32f4xx_gpio.o(i.GPIO_DeInit), (260 bytes).
    Removing stm32f4xx_gpio.o(i.GPIO_PinLockConfig), (24 bytes).
    Removing stm32f4xx_gpio.o(i.GPIO_ReadInputData), (6 bytes).
    Removing stm32f4xx_gpio.o(i.GPIO_ReadInputDataBit), (14 bytes).
    Removing stm32f4xx_gpio.o(i.GPIO_ReadOutputData), (6 bytes).
    Removing stm32f4xx_gpio.o(i.GPIO_ReadOutputDataBit), (14 bytes).
    Removing stm32f4xx_gpio.o(i.GPIO_StructInit), (18 bytes).
    Removing stm32f4xx_gpio.o(i.GPIO_ToggleBits), (8 bytes).
    Removing stm32f4xx_gpio.o(i.GPIO_Write), (4 bytes).
    Removing stm32f4xx_gpio.o(i.GPIO_WriteBit), (10 bytes).
    Removing stm32f4xx_rcc.o(.rev16_text), (4 bytes).
    Removing stm32f4xx_rcc.o(.revsh_text), (4 bytes).
    Removing stm32f4xx_rcc.o(i.RCC_AHB1PeriphClockLPModeCmd), (24 bytes).
    Removing stm32f4xx_rcc.o(i.RCC_AHB1PeriphResetCmd), (24 bytes).
    Removing stm32f4xx_rcc.o(i.RCC_AHB2PeriphClockCmd), (24 bytes).
    Removing stm32f4xx_rcc.o(i.RCC_AHB2PeriphClockLPModeCmd), (24 bytes).
    Removing stm32f4xx_rcc.o(i.RCC_AHB2PeriphResetCmd), (24 bytes).
    Removing stm32f4xx_rcc.o(i.RCC_AHB3PeriphClockCmd), (24 bytes).
    Removing stm32f4xx_rcc.o(i.RCC_AHB3PeriphClockLPModeCmd), (24 bytes).
    Removing stm32f4xx_rcc.o(i.RCC_AHB3PeriphResetCmd), (24 bytes).
    Removing stm32f4xx_rcc.o(i.RCC_APB1PeriphClockLPModeCmd), (24 bytes).
    Removing stm32f4xx_rcc.o(i.RCC_APB1PeriphResetCmd), (24 bytes).
    Removing stm32f4xx_rcc.o(i.RCC_APB2PeriphClockLPModeCmd), (24 bytes).
    Removing stm32f4xx_rcc.o(i.RCC_AdjustHSICalibrationValue), (20 bytes).
    Removing stm32f4xx_rcc.o(i.RCC_BackupResetCmd), (12 bytes).
    Removing stm32f4xx_rcc.o(i.RCC_ClearFlag), (16 bytes).
    Removing stm32f4xx_rcc.o(i.RCC_ClearITPendingBit), (12 bytes).
    Removing stm32f4xx_rcc.o(i.RCC_ClockSecuritySystemCmd), (12 bytes).
    Removing stm32f4xx_rcc.o(i.RCC_DeInit), (84 bytes).
    Removing stm32f4xx_rcc.o(i.RCC_GetFlagStatus), (52 bytes).
    Removing stm32f4xx_rcc.o(i.RCC_GetITStatus), (20 bytes).
    Removing stm32f4xx_rcc.o(i.RCC_GetSYSCLKSource), (16 bytes).
    Removing stm32f4xx_rcc.o(i.RCC_HCLKConfig), (20 bytes).
    Removing stm32f4xx_rcc.o(i.RCC_HSEConfig), (16 bytes).
    Removing stm32f4xx_rcc.o(i.RCC_HSICmd), (12 bytes).
    Removing stm32f4xx_rcc.o(i.RCC_I2SCLKConfig), (12 bytes).
    Removing stm32f4xx_rcc.o(i.RCC_ITConfig), (24 bytes).
    Removing stm32f4xx_rcc.o(i.RCC_LSEModeConfig), (28 bytes).
    Removing stm32f4xx_rcc.o(i.RCC_LSICmd), (12 bytes).
    Removing stm32f4xx_rcc.o(i.RCC_LTDCCLKDivConfig), (20 bytes).
    Removing stm32f4xx_rcc.o(i.RCC_MCO1Config), (20 bytes).
    Removing stm32f4xx_rcc.o(i.RCC_MCO2Config), (20 bytes).
    Removing stm32f4xx_rcc.o(i.RCC_PCLK1Config), (20 bytes).
    Removing stm32f4xx_rcc.o(i.RCC_PCLK2Config), (20 bytes).
    Removing stm32f4xx_rcc.o(i.RCC_PLLCmd), (12 bytes).
    Removing stm32f4xx_rcc.o(i.RCC_PLLConfig), (40 bytes).
    Removing stm32f4xx_rcc.o(i.RCC_PLLI2SCmd), (12 bytes).
    Removing stm32f4xx_rcc.o(i.RCC_PLLI2SConfig), (16 bytes).
    Removing stm32f4xx_rcc.o(i.RCC_PLLSAICmd), (12 bytes).
    Removing stm32f4xx_rcc.o(i.RCC_PLLSAIConfig), (20 bytes).
    Removing stm32f4xx_rcc.o(i.RCC_RTCCLKCmd), (12 bytes).
    Removing stm32f4xx_rcc.o(i.RCC_RTCCLKConfig), (48 bytes).
    Removing stm32f4xx_rcc.o(i.RCC_SAIBlockACLKConfig), (20 bytes).
    Removing stm32f4xx_rcc.o(i.RCC_SAIBlockBCLKConfig), (20 bytes).
    Removing stm32f4xx_rcc.o(i.RCC_SAIPLLI2SClkDivConfig), (20 bytes).
    Removing stm32f4xx_rcc.o(i.RCC_SAIPLLSAIClkDivConfig), (28 bytes).
    Removing stm32f4xx_rcc.o(i.RCC_SYSCLKConfig), (20 bytes).
    Removing stm32f4xx_rcc.o(i.RCC_TIMCLKPresConfig), (12 bytes).
    Removing stm32f4xx_rcc.o(i.RCC_WaitForHSEStartUp), (44 bytes).
    Removing stm32f4xx_syscfg.o(.rev16_text), (4 bytes).
    Removing stm32f4xx_syscfg.o(.revsh_text), (4 bytes).
    Removing stm32f4xx_syscfg.o(i.SYSCFG_CompensationCellCmd), (12 bytes).
    Removing stm32f4xx_syscfg.o(i.SYSCFG_DeInit), (24 bytes).
    Removing stm32f4xx_syscfg.o(i.SYSCFG_ETH_MediaInterfaceConfig), (12 bytes).
    Removing stm32f4xx_syscfg.o(i.SYSCFG_EXTILineConfig), (48 bytes).
    Removing stm32f4xx_syscfg.o(i.SYSCFG_GetCompensationCellStatus), (20 bytes).
    Removing stm32f4xx_syscfg.o(i.SYSCFG_MemoryRemapConfig), (12 bytes).
    Removing stm32f4xx_syscfg.o(i.SYSCFG_MemorySwappingBank), (12 bytes).
    Removing stm32f4xx_usart.o(.rev16_text), (4 bytes).
    Removing stm32f4xx_usart.o(.revsh_text), (4 bytes).
    Removing stm32f4xx_usart.o(i.USART_ClearFlag), (6 bytes).
    Removing stm32f4xx_usart.o(i.USART_ClearITPendingBit), (12 bytes).
    Removing stm32f4xx_usart.o(i.USART_ClockInit), (28 bytes).
    Removing stm32f4xx_usart.o(i.USART_ClockStructInit), (12 bytes).
    Removing stm32f4xx_usart.o(i.USART_DMACmd), (16 bytes).
    Removing stm32f4xx_usart.o(i.USART_DeInit), (172 bytes).
    Removing stm32f4xx_usart.o(i.USART_GetFlagStatus), (14 bytes).
    Removing stm32f4xx_usart.o(i.USART_HalfDuplexCmd), (20 bytes).
    Removing stm32f4xx_usart.o(i.USART_IrDACmd), (20 bytes).
    Removing stm32f4xx_usart.o(i.USART_IrDAConfig), (16 bytes).
    Removing stm32f4xx_usart.o(i.USART_LINBreakDetectLengthConfig), (16 bytes).
    Removing stm32f4xx_usart.o(i.USART_LINCmd), (20 bytes).
    Removing stm32f4xx_usart.o(i.USART_OneBitMethodCmd), (20 bytes).
    Removing stm32f4xx_usart.o(i.USART_OverSampling8Cmd), (20 bytes).
    Removing stm32f4xx_usart.o(i.USART_ReceiverWakeUpCmd), (20 bytes).
    Removing stm32f4xx_usart.o(i.USART_SendBreak), (10 bytes).
    Removing stm32f4xx_usart.o(i.USART_SendData), (8 bytes).
    Removing stm32f4xx_usart.o(i.USART_SetAddress), (16 bytes).
    Removing stm32f4xx_usart.o(i.USART_SetGuardTime), (16 bytes).
    Removing stm32f4xx_usart.o(i.USART_SetPrescaler), (16 bytes).
    Removing stm32f4xx_usart.o(i.USART_SmartCardCmd), (20 bytes).
    Removing stm32f4xx_usart.o(i.USART_SmartCardNACKCmd), (20 bytes).
    Removing stm32f4xx_usart.o(i.USART_StructInit), (22 bytes).
    Removing stm32f4xx_usart.o(i.USART_WakeUpConfig), (16 bytes).
    Removing stm32f4xx_adc.o(.rev16_text), (4 bytes).
    Removing stm32f4xx_adc.o(.revsh_text), (4 bytes).
    Removing stm32f4xx_adc.o(i.ADC_AnalogWatchdogCmd), (16 bytes).
    Removing stm32f4xx_adc.o(i.ADC_AnalogWatchdogSingleChannelConfig), (12 bytes).
    Removing stm32f4xx_adc.o(i.ADC_AnalogWatchdogThresholdsConfig), (6 bytes).
    Removing stm32f4xx_adc.o(i.ADC_AutoInjectedConvCmd), (20 bytes).
    Removing stm32f4xx_adc.o(i.ADC_ClearFlag), (6 bytes).
    Removing stm32f4xx_adc.o(i.ADC_ClearITPendingBit), (8 bytes).
    Removing stm32f4xx_adc.o(i.ADC_CommonStructInit), (12 bytes).
    Removing stm32f4xx_adc.o(i.ADC_ContinuousModeCmd), (20 bytes).
    Removing stm32f4xx_adc.o(i.ADC_DMACmd), (20 bytes).
    Removing stm32f4xx_adc.o(i.ADC_DMARequestAfterLastTransferCmd), (20 bytes).
    Removing stm32f4xx_adc.o(i.ADC_DeInit), (24 bytes).
    Removing stm32f4xx_adc.o(i.ADC_DiscModeChannelCountConfig), (16 bytes).
    Removing stm32f4xx_adc.o(i.ADC_DiscModeCmd), (20 bytes).
    Removing stm32f4xx_adc.o(i.ADC_EOCOnEachRegularChannelCmd), (20 bytes).
    Removing stm32f4xx_adc.o(i.ADC_ExternalTrigInjectedConvConfig), (12 bytes).
    Removing stm32f4xx_adc.o(i.ADC_ExternalTrigInjectedConvEdgeConfig), (12 bytes).
    Removing stm32f4xx_adc.o(i.ADC_GetITStatus), (30 bytes).
    Removing stm32f4xx_adc.o(i.ADC_GetInjectedConversionValue), (14 bytes).
    Removing stm32f4xx_adc.o(i.ADC_GetMultiModeConversionValue), (12 bytes).
    Removing stm32f4xx_adc.o(i.ADC_GetSoftwareStartConvStatus), (14 bytes).
    Removing stm32f4xx_adc.o(i.ADC_GetSoftwareStartInjectedConvCmdStatus), (14 bytes).
    Removing stm32f4xx_adc.o(i.ADC_ITConfig), (18 bytes).
    Removing stm32f4xx_adc.o(i.ADC_InjectedChannelConfig), (74 bytes).
    Removing stm32f4xx_adc.o(i.ADC_InjectedDiscModeCmd), (20 bytes).
    Removing stm32f4xx_adc.o(i.ADC_InjectedSequencerLengthConfig), (16 bytes).
    Removing stm32f4xx_adc.o(i.ADC_MultiModeDMARequestAfterLastTransferCmd), (32 bytes).
    Removing stm32f4xx_adc.o(i.ADC_SetInjectedOffset), (10 bytes).
    Removing stm32f4xx_adc.o(i.ADC_SoftwareStartInjectedConv), (10 bytes).
    Removing stm32f4xx_adc.o(i.ADC_StructInit), (20 bytes).
    Removing stm32f4xx_adc.o(i.ADC_TempSensorVrefintCmd), (32 bytes).
    Removing stm32f4xx_adc.o(i.ADC_VBATCmd), (32 bytes).
    Removing stm32f4xx_can.o(.rev16_text), (4 bytes).
    Removing stm32f4xx_can.o(.revsh_text), (4 bytes).
    Removing stm32f4xx_can.o(i.CAN_CancelTransmit), (36 bytes).
    Removing stm32f4xx_can.o(i.CAN_ClearFlag), (48 bytes).
    Removing stm32f4xx_can.o(i.CAN_ClearITPendingBit), (120 bytes).
    Removing stm32f4xx_can.o(i.CAN_DBGFreeze), (20 bytes).
    Removing stm32f4xx_can.o(i.CAN_DeInit), (44 bytes).
    Removing stm32f4xx_can.o(i.CAN_FIFORelease), (22 bytes).
    Removing stm32f4xx_can.o(i.CAN_GetFlagStatus), (52 bytes).
    Removing stm32f4xx_can.o(i.CAN_GetITStatus), (168 bytes).
    Removing stm32f4xx_can.o(i.CAN_GetLSBTransmitErrorCounter), (8 bytes).
    Removing stm32f4xx_can.o(i.CAN_GetLastErrorCode), (10 bytes).
    Removing stm32f4xx_can.o(i.CAN_GetReceiveErrorCounter), (6 bytes).
    Removing stm32f4xx_can.o(i.CAN_Init), (232 bytes).
    Removing stm32f4xx_can.o(i.CAN_MessagePending), (22 bytes).
    Removing stm32f4xx_can.o(i.CAN_OperatingModeRequest), (140 bytes).
    Removing stm32f4xx_can.o(i.CAN_Receive), (142 bytes).
    Removing stm32f4xx_can.o(i.CAN_SlaveStartBank), (44 bytes).
    Removing stm32f4xx_can.o(i.CAN_Sleep), (30 bytes).
    Removing stm32f4xx_can.o(i.CAN_StructInit), (32 bytes).
    Removing stm32f4xx_can.o(i.CAN_TTComModeCmd), (90 bytes).
    Removing stm32f4xx_can.o(i.CAN_Transmit), (190 bytes).
    Removing stm32f4xx_can.o(i.CAN_TransmitStatus), (108 bytes).
    Removing stm32f4xx_can.o(i.CAN_WakeUp), (40 bytes).
    Removing stm32f4xx_can.o(i.CheckITStatus), (12 bytes).
    Removing stm32f4xx_tim.o(.rev16_text), (4 bytes).
    Removing stm32f4xx_tim.o(.revsh_text), (4 bytes).
    Removing stm32f4xx_tim.o(i.TIM_BDTRConfig), (34 bytes).
    Removing stm32f4xx_tim.o(i.TIM_BDTRStructInit), (18 bytes).
    Removing stm32f4xx_tim.o(i.TIM_CCPreloadControl), (20 bytes).
    Removing stm32f4xx_tim.o(i.TIM_CCxCmd), (22 bytes).
    Removing stm32f4xx_tim.o(i.TIM_CCxNCmd), (22 bytes).
    Removing stm32f4xx_tim.o(i.TIM_ClearOC1Ref), (12 bytes).
    Removing stm32f4xx_tim.o(i.TIM_ClearOC2Ref), (20 bytes).
    Removing stm32f4xx_tim.o(i.TIM_ClearOC3Ref), (12 bytes).
    Removing stm32f4xx_tim.o(i.TIM_ClearOC4Ref), (20 bytes).
    Removing stm32f4xx_tim.o(i.TIM_CounterModeConfig), (12 bytes).
    Removing stm32f4xx_tim.o(i.TIM_DMACmd), (16 bytes).
    Removing stm32f4xx_tim.o(i.TIM_DMAConfig), (8 bytes).
    Removing stm32f4xx_tim.o(i.TIM_DeInit), (336 bytes).
    Removing stm32f4xx_tim.o(i.TIM_ETRClockMode1Config), (18 bytes).
    Removing stm32f4xx_tim.o(i.TIM_ETRClockMode2Config), (18 bytes).
    Removing stm32f4xx_tim.o(i.TIM_ETRConfig), (24 bytes).
    Removing stm32f4xx_tim.o(i.TIM_ForcedOC1Config), (12 bytes).
    Removing stm32f4xx_tim.o(i.TIM_ForcedOC2Config), (20 bytes).
    Removing stm32f4xx_tim.o(i.TIM_ForcedOC3Config), (12 bytes).
    Removing stm32f4xx_tim.o(i.TIM_ForcedOC4Config), (20 bytes).
    Removing stm32f4xx_tim.o(i.TIM_GenerateEvent), (4 bytes).
    Removing stm32f4xx_tim.o(i.TIM_GetCounter), (4 bytes).
    Removing stm32f4xx_tim.o(i.TIM_GetFlagStatus), (14 bytes).
    Removing stm32f4xx_tim.o(i.TIM_GetPrescaler), (4 bytes).
    Removing stm32f4xx_tim.o(i.TIM_ITRxExternalClockConfig), (18 bytes).
    Removing stm32f4xx_tim.o(i.TIM_InternalClockConfig), (10 bytes).
    Removing stm32f4xx_tim.o(i.TIM_OC1FastConfig), (12 bytes).
    Removing stm32f4xx_tim.o(i.TIM_OC1NPolarityConfig), (12 bytes).
    Removing stm32f4xx_tim.o(i.TIM_OC2FastConfig), (20 bytes).
    Removing stm32f4xx_tim.o(i.TIM_OC2NPolarityConfig), (20 bytes).
    Removing stm32f4xx_tim.o(i.TIM_OC3FastConfig), (12 bytes).
    Removing stm32f4xx_tim.o(i.TIM_OC3NPolarityConfig), (20 bytes).
    Removing stm32f4xx_tim.o(i.TIM_OC4FastConfig), (20 bytes).
    Removing stm32f4xx_tim.o(i.TIM_OCStructInit), (20 bytes).
    Removing stm32f4xx_tim.o(i.TIM_PWMIConfig), (108 bytes).
    Removing stm32f4xx_tim.o(i.TIM_PrescalerConfig), (6 bytes).
    Removing stm32f4xx_tim.o(i.TIM_RemapConfig), (6 bytes).
    Removing stm32f4xx_tim.o(i.TIM_SelectCCDMA), (20 bytes).
    Removing stm32f4xx_tim.o(i.TIM_SelectCOM), (20 bytes).
    Removing stm32f4xx_tim.o(i.TIM_SelectHallSensor), (20 bytes).
    Removing stm32f4xx_tim.o(i.TIM_SelectInputTrigger), (12 bytes).
    Removing stm32f4xx_tim.o(i.TIM_SelectMasterSlaveMode), (16 bytes).
    Removing stm32f4xx_tim.o(i.TIM_SelectOCxM), (74 bytes).
    Removing stm32f4xx_tim.o(i.TIM_SelectOnePulseMode), (16 bytes).
    Removing stm32f4xx_tim.o(i.TIM_SelectOutputTrigger), (16 bytes).
    Removing stm32f4xx_tim.o(i.TIM_SelectSlaveMode), (16 bytes).
    Removing stm32f4xx_tim.o(i.TIM_SetAutoreload), (4 bytes).
    Removing stm32f4xx_tim.o(i.TIM_SetClockDivision), (16 bytes).
    Removing stm32f4xx_tim.o(i.TIM_TIxExternalClockConfig), (46 bytes).
    Removing stm32f4xx_tim.o(i.TIM_UpdateDisableConfig), (20 bytes).
    Removing stm32f4xx_tim.o(i.TIM_UpdateRequestConfig), (20 bytes).
    Removing stm32f4xx_pwr.o(.rev16_text), (4 bytes).
    Removing stm32f4xx_pwr.o(.revsh_text), (4 bytes).
    Removing stm32f4xx_pwr.o(i.PWR_BackupRegulatorCmd), (12 bytes).
    Removing stm32f4xx_pwr.o(i.PWR_ClearFlag), (16 bytes).
    Removing stm32f4xx_pwr.o(i.PWR_DeInit), (24 bytes).
    Removing stm32f4xx_pwr.o(i.PWR_EnterSTANDBYMode), (32 bytes).
    Removing stm32f4xx_pwr.o(i.PWR_EnterSTOPMode), (56 bytes).
    Removing stm32f4xx_pwr.o(i.PWR_EnterUnderDriveSTOPMode), (56 bytes).
    Removing stm32f4xx_pwr.o(i.PWR_FlashPowerDownCmd), (12 bytes).
    Removing stm32f4xx_pwr.o(i.PWR_GetFlagStatus), (20 bytes).
    Removing stm32f4xx_pwr.o(i.PWR_LowRegulatorLowVoltageCmd), (16 bytes).
    Removing stm32f4xx_pwr.o(i.PWR_MainRegulatorLowVoltageCmd), (16 bytes).
    Removing stm32f4xx_pwr.o(i.PWR_MainRegulatorModeConfig), (20 bytes).
    Removing stm32f4xx_pwr.o(i.PWR_OverDriveCmd), (12 bytes).
    Removing stm32f4xx_pwr.o(i.PWR_OverDriveSWCmd), (12 bytes).
    Removing stm32f4xx_pwr.o(i.PWR_PVDCmd), (12 bytes).
    Removing stm32f4xx_pwr.o(i.PWR_PVDLevelConfig), (20 bytes).
    Removing stm32f4xx_pwr.o(i.PWR_UnderDriveCmd), (28 bytes).
    Removing stm32f4xx_pwr.o(i.PWR_WakeUpPinCmd), (12 bytes).
    Removing croutine.o(.rev16_text), (4 bytes).
    Removing croutine.o(.revsh_text), (4 bytes).
    Removing event_groups.o(.rev16_text), (4 bytes).
    Removing event_groups.o(.revsh_text), (4 bytes).
    Removing event_groups.o(i.prvTestWaitCondition), (20 bytes).
    Removing event_groups.o(i.uxEventGroupGetNumber), (8 bytes).
    Removing event_groups.o(i.vEventGroupClearBitsCallback), (4 bytes).
    Removing event_groups.o(i.vEventGroupDelete), (116 bytes).
    Removing event_groups.o(i.vEventGroupSetBitsCallback), (4 bytes).
    Removing event_groups.o(i.xEventGroupClearBits), (100 bytes).
    Removing event_groups.o(i.xEventGroupClearBitsFromISR), (16 bytes).
    Removing event_groups.o(i.xEventGroupCreate), (26 bytes).
    Removing event_groups.o(i.xEventGroupGetBitsFromISR), (26 bytes).
    Removing event_groups.o(i.xEventGroupSetBits), (176 bytes).
    Removing event_groups.o(i.xEventGroupSetBitsFromISR), (16 bytes).
    Removing event_groups.o(i.xEventGroupSync), (224 bytes).
    Removing event_groups.o(i.xEventGroupWaitBits), (288 bytes).
    Removing list.o(.rev16_text), (4 bytes).
    Removing list.o(.revsh_text), (4 bytes).
    Removing queue.o(.rev16_text), (4 bytes).
    Removing queue.o(.revsh_text), (4 bytes).
    Removing queue.o(i.pcQueueGetName), (40 bytes).
    Removing queue.o(i.ucQueueGetQueueType), (6 bytes).
    Removing queue.o(i.uxQueueGetQueueNumber), (4 bytes).
    Removing queue.o(i.uxQueueMessagesWaiting), (68 bytes).
    Removing queue.o(i.uxQueueMessagesWaitingFromISR), (60 bytes).
    Removing queue.o(i.uxQueueSpacesAvailable), (72 bytes).
    Removing queue.o(i.vQueueDelete), (72 bytes).
    Removing queue.o(i.vQueueSetQueueNumber), (4 bytes).
    Removing queue.o(i.vQueueUnregisterQueue), (40 bytes).
    Removing queue.o(i.xQueueAddToSet), (34 bytes).
    Removing queue.o(i.xQueueCreateCountingSemaphore), (92 bytes).
    Removing queue.o(i.xQueueCreateMutex), (36 bytes).
    Removing queue.o(i.xQueueCreateSet), (8 bytes).
    Removing queue.o(i.xQueueGiveFromISR), (200 bytes).
    Removing queue.o(i.xQueueGiveMutexRecursive), (92 bytes).
    Removing queue.o(i.xQueueIsQueueEmptyFromISR), (68 bytes).
    Removing queue.o(i.xQueueIsQueueFullFromISR), (72 bytes).
    Removing queue.o(i.xQueuePeekFromISR), (140 bytes).
    Removing queue.o(i.xQueueReceiveFromISR), (180 bytes).
    Removing queue.o(i.xQueueRemoveFromSet), (34 bytes).
    Removing queue.o(i.xQueueSelectFromSet), (18 bytes).
    Removing queue.o(i.xQueueSelectFromSetFromISR), (18 bytes).
    Removing queue.o(i.xQueueTakeMutexRecursive), (100 bytes).
    Removing tasks.o(.rev16_text), (4 bytes).
    Removing tasks.o(.revsh_text), (4 bytes).
    Removing tasks.o(i.eTaskGetState), (136 bytes).
    Removing tasks.o(i.pcTaskGetName), (76 bytes).
    Removing tasks.o(i.prvListTasksWithinSingleList), (86 bytes).
    Removing tasks.o(i.prvTaskIsTaskSuspended), (84 bytes).
    Removing tasks.o(i.ulTaskNotifyTake), (104 bytes).
    Removing tasks.o(i.uxTaskGetNumberOfTasks), (12 bytes).
    Removing tasks.o(i.uxTaskGetSystemState), (172 bytes).
    Removing tasks.o(i.uxTaskGetTaskNumber), (8 bytes).
    Removing tasks.o(i.uxTaskPriorityGet), (28 bytes).
    Removing tasks.o(i.uxTaskPriorityGetFromISR), (44 bytes).
    Removing tasks.o(i.uxTaskResetEventItemValue), (24 bytes).
    Removing tasks.o(i.vTaskEndScheduler), (28 bytes).
    Removing tasks.o(i.vTaskGetInfo), (132 bytes).
    Removing tasks.o(i.vTaskList), (208 bytes).
    Removing tasks.o(i.vTaskNotifyGiveFromISR), (212 bytes).
    Removing tasks.o(i.vTaskPlaceOnUnorderedEventList), (112 bytes).
    Removing tasks.o(i.vTaskPrioritySet), (228 bytes).
    Removing tasks.o(i.vTaskResume), (160 bytes).
    Removing tasks.o(i.vTaskSetTaskNumber), (8 bytes).
    Removing tasks.o(i.vTaskSuspend), (208 bytes).
    Removing tasks.o(i.xTaskGenericNotify), (232 bytes).
    Removing tasks.o(i.xTaskGenericNotifyFromISR), (268 bytes).
    Removing tasks.o(i.xTaskGetCurrentTaskHandle), (12 bytes).
    Removing tasks.o(i.xTaskGetTickCountFromISR), (16 bytes).
    Removing tasks.o(i.xTaskNotifyStateClear), (48 bytes).
    Removing tasks.o(i.xTaskNotifyWait), (140 bytes).
    Removing tasks.o(i.xTaskRemoveFromUnorderedEventList), (152 bytes).
    Removing tasks.o(i.xTaskResumeFromISR), (172 bytes).
    Removing timers.o(.rev16_text), (4 bytes).
    Removing timers.o(.revsh_text), (4 bytes).
    Removing timers.o(i.pcTimerGetName), (64 bytes).
    Removing timers.o(i.pvTimerGetTimerID), (72 bytes).
    Removing timers.o(i.vTimerSetTimerID), (76 bytes).
    Removing timers.o(i.xTimerGetExpiryTime), (64 bytes).
    Removing timers.o(i.xTimerGetPeriod), (64 bytes).
    Removing timers.o(i.xTimerGetTimerDaemonTaskHandle), (68 bytes).
    Removing timers.o(i.xTimerIsTimerActive), (80 bytes).
    Removing timers.o(i.xTimerPendFunctionCall), (104 bytes).
    Removing timers.o(i.xTimerPendFunctionCallFromISR), (40 bytes).
    Removing port.o(.rev16_text), (4 bytes).
    Removing port.o(.revsh_text), (4 bytes).
    Removing port.o(i.vPortEndScheduler), (88 bytes).
    Removing heap_4.o(.rev16_text), (4 bytes).
    Removing heap_4.o(.revsh_text), (4 bytes).
    Removing heap_4.o(i.vPortInitialiseBlocks), (2 bytes).
    Removing heap_4.o(i.xPortGetFreeHeapSize), (12 bytes).
    Removing heap_4.o(i.xPortGetMinimumEverFreeHeapSize), (12 bytes).
    Removing system.o(.rev16_text), (4 bytes).
    Removing system.o(.revsh_text), (4 bytes).
    Removing system.o(.data), (1 bytes).
    Removing system.o(.data), (1 bytes).
    Removing system.o(.data), (4 bytes).
    Removing system.o(.data), (4 bytes).
    Removing system.o(.data), (4 bytes).
    Removing system.o(.data), (4 bytes).
    Removing system.o(.data), (4 bytes).
    Removing balance.o(.rev16_text), (4 bytes).
    Removing balance.o(.revsh_text), (4 bytes).
    Removing balance.o(i.Limit_Pwm), (144 bytes).
    Removing balance.o(i.float_abs), (16 bytes).
    Removing balance.o(i.target_limit_int), (16 bytes).
    Removing robot_select_init.o(.rev16_text), (4 bytes).
    Removing robot_select_init.o(.revsh_text), (4 bytes).
    Removing show.o(.rev16_text), (4 bytes).
    Removing show.o(.revsh_text), (4 bytes).
    Removing show.o(.data), (1 bytes).
    Removing show.o(.data), (1 bytes).
    Removing hubdriver.o(.rev16_text), (4 bytes).
    Removing hubdriver.o(.revsh_text), (4 bytes).
    Removing hubdriver.o(i.Asyn_ctrl_set), (80 bytes).
    Removing hubdriver.o(i.Enable), (48 bytes).
    Removing hubdriver.o(i.HUB_init), (22 bytes).
    Removing hubdriver.o(i.Left_Torque_mAs), (80 bytes).
    Removing hubdriver.o(i.Left_acc_time), (80 bytes).
    Removing hubdriver.o(i.Left_dec_time), (80 bytes).
    Removing hubdriver.o(i.ModbusCRC16_Check), (48 bytes).
    Removing hubdriver.o(i.Relate_position_mode_set), (80 bytes).
    Removing hubdriver.o(i.Right_Torque_mAs), (80 bytes).
    Removing hubdriver.o(i.Right_acc_time), (80 bytes).
    Removing hubdriver.o(i.Right_dec_time), (80 bytes).
    Removing hubdriver.o(i.SetMaxRpm_left_Right), (156 bytes).
    Removing hubdriver.o(i.Set_stop), (48 bytes).
    Removing hubdriver.o(i.T_mode_set), (48 bytes).
    Removing hubdriver.o(i.V_mode_set), (48 bytes).
    Removing hubdriver.o(i.hub_485_Position), (204 bytes).
    Removing hubdriver.o(i.hub_485_Rpm), (96 bytes).
    Removing hubdriver.o(i.hub_485_Syn_Position), (168 bytes).
    Removing hubdriver.o(i.hub_485_Syn_Rpm), (92 bytes).
    Removing hubdriver.o(i.hub_485_Syn_Torque), (92 bytes).
    Removing hubdriver.o(i.hub_485_Torque), (96 bytes).
    Removing hubdriver.o(i.hub_485_position_init), (58 bytes).
    Removing hubdriver.o(i.hub_485_torque_init), (30 bytes).
    Removing hubdriver.o(i.hub_485_velocity_init), (42 bytes).
    Removing hubdriver.o(.data), (4 bytes).
    Removing hubdriver.o(.data), (4 bytes).
    Removing hubdriver.o(.data), (4 bytes).
    Removing hubdriver.o(.data), (4 bytes).
    Removing hubdrivercan.o(.rev16_text), (4 bytes).
    Removing hubdrivercan.o(.revsh_text), (4 bytes).
    Removing hubdrivercan.o(i.CAN_Asyn_ctrl_set), (40 bytes).
    Removing hubdrivercan.o(i.CAN_Enable), (108 bytes).
    Removing hubdrivercan.o(i.CAN_Left_Torque_mAs), (52 bytes).
    Removing hubdrivercan.o(i.CAN_P_mode_set), (40 bytes).
    Removing hubdrivercan.o(i.CAN_Right_Torque_mAs), (52 bytes).
    Removing hubdrivercan.o(i.CAN_SetMaxRpm_left_Right), (104 bytes).
    Removing hubdrivercan.o(i.CAN_Stop), (32 bytes).
    Removing hubdrivercan.o(i.CAN_T_mode_set), (40 bytes).
    Removing hubdrivercan.o(i.CAN_V_mode_set), (32 bytes).
    Removing hubdrivercan.o(i.CAN_Write_EEPROM), (32 bytes).
    Removing hubdrivercan.o(i.CAN_acc_time), (184 bytes).
    Removing hubdrivercan.o(i.CAN_acc_time_left), (56 bytes).
    Removing hubdrivercan.o(i.CAN_acc_time_right), (56 bytes).
    Removing hubdrivercan.o(i.CAN_dec_time_left), (56 bytes).
    Removing hubdrivercan.o(i.CAN_dec_time_right), (56 bytes).
    Removing hubdrivercan.o(i.CAN_setBaudrate), (116 bytes).
    Removing hubdrivercan.o(i.hub_CAN_Abs_Position), (132 bytes).
    Removing hubdrivercan.o(i.hub_CAN_Encoder_init), (260 bytes).
    Removing hubdrivercan.o(i.hub_CAN_Rel_Position), (132 bytes).
    Removing hubdrivercan.o(i.hub_CAN_Rpm), (60 bytes).
    Removing hubdrivercan.o(i.hub_CAN_Syn_Rpm), (60 bytes).
    Removing hubdrivercan.o(i.hub_CAN_Syn_Torque), (56 bytes).
    Removing hubdrivercan.o(i.hub_CAN_Torque), (76 bytes).
    Removing hubdrivercan.o(i.hub_CAN_position_init), (36 bytes).
    Removing hubdrivercan.o(i.hub_CAN_torque_init), (32 bytes).
    Removing hubdrivercan.o(i.hub_CAN_velocity_init), (32 bytes).
    Removing hubdrivercan.o(.data), (4 bytes).
    Removing hubdrivercan.o(.data), (4 bytes).
    Removing mpu6050.o(.rev16_text), (4 bytes).
    Removing mpu6050.o(.revsh_text), (4 bytes).
    Removing mpu6050.o(i.MPU6050_getDeviceID), (8 bytes).
    Removing mpu6050.o(i.MPU6050_newValues), (260 bytes).
    Removing mpu6050.o(i.MPU6050_setClockSource), (18 bytes).
    Removing mpu6050.o(i.MPU6050_setI2CBypassEnabled), (12 bytes).
    Removing mpu6050.o(i.MPU6050_setI2CMasterModeEnabled), (12 bytes).
    Removing mpu6050.o(i.MPU6050_setSleepEnabled), (12 bytes).
    Removing mpu6050.o(i.MPU6050_testConnection), (18 bytes).
    Removing mpu6050.o(i.Read_Temperature), (96 bytes).
    Removing mpu6050.o(.bss), (14 bytes).
    Removing mpu6050.o(.bss), (132 bytes).
    Removing mpu6050.o(.data), (4 bytes).
    Removing mpu6050.o(.data), (4 bytes).
    Removing mpu6050.o(.data), (4 bytes).
    Removing mpu6050.o(.data), (4 bytes).
    Removing mpu6050.o(.data), (2 bytes).
    Removing mpu6050.o(.data), (2 bytes).
    Removing mpu6050.o(.data), (2 bytes).
    Removing i2c.o(.rev16_text), (4 bytes).
    Removing i2c.o(.revsh_text), (4 bytes).
    Removing i2c.o(i.I2C_ReadBuff), (100 bytes).
    Removing i2c.o(i.I2C_WriteBuff), (76 bytes).
    Removing i2c.o(i.I2C_WriteOneBit), (46 bytes).
    Removing dneg.o(.text), (6 bytes).
    Removing dfixul.o(.text), (48 bytes).
    Removing cdcmple.o(.text), (48 bytes).

492 unused section(s) (total 20302 bytes) removed from the image.
